Component: ARM Compiler 5.06 update 4 (build 422) Tool: armlink [4d35d2]

==============================================================================

Section Cross References

    os_v2.o(i.OS_AddThreads) refers to startup_tm4c123.o(.text) for StartCritical
    os_v2.o(i.OS_AddThreads) refers to os_v2.o(i.SetInitialStack) for SetInitialStack
    os_v2.o(i.OS_AddThreads) refers to os_v2.o(.bss) for tcbs
    os_v2.o(i.OS_AddThreads) refers to os_v2.o(.data) for RunPt
    os_v2.o(i.OS_FIFO_Get) refers to os_v2.o(i.OS_Wait) for OS_Wait
    os_v2.o(i.OS_FIFO_Get) refers to os_v2.o(.data) for CurrentSize
    os_v2.o(i.OS_FIFO_Get) refers to os_v2.o(.bss) for Fifo
    os_v2.o(i.OS_FIFO_Init) refers to os_v2.o(i.OS_InitSemaphore) for OS_InitSemaphore
    os_v2.o(i.OS_FIFO_Init) refers to os_v2.o(.data) for GetI
    os_v2.o(i.OS_FIFO_Put) refers to os_v2.o(i.OS_Signal) for OS_Signal
    os_v2.o(i.OS_FIFO_Put) refers to os_v2.o(.data) for CurrentSize
    os_v2.o(i.OS_FIFO_Put) refers to os_v2.o(.bss) for Fifo
    os_v2.o(i.OS_Init) refers to osasm_v2.o(.text) for OS_DisableInterrupts
    os_v2.o(i.OS_Init) refers to os_v2.o(i.Clock_Init) for Clock_Init
    os_v2.o(i.OS_Launch) refers to osasm_v2.o(.text) for StartOS
    os_v2.o(i.OS_Signal) refers to startup_tm4c123.o(.text) for DisableInterrupts
    os_v2.o(i.OS_Signal) refers to os_v2.o(.data) for RunPt
    os_v2.o(i.OS_Sleep) refers to os_v2.o(i.OS_Suspend) for OS_Suspend
    os_v2.o(i.OS_Sleep) refers to os_v2.o(.data) for RunPt
    os_v2.o(i.OS_Wait) refers to startup_tm4c123.o(.text) for DisableInterrupts
    os_v2.o(i.OS_Wait) refers to os_v2.o(i.OS_Suspend) for OS_Suspend
    os_v2.o(i.OS_Wait) refers to os_v2.o(.data) for RunPt
    os_v2.o(i.RecvMail) refers to os_v2.o(i.OS_Wait) for OS_Wait
    os_v2.o(i.RecvMail) refers to os_v2.o(.data) for Send
    os_v2.o(i.Scheduler) refers to os_v2.o(.data) for RunPt
    os_v2.o(i.SendMail) refers to os_v2.o(i.OS_Signal) for OS_Signal
    os_v2.o(i.SendMail) refers to os_v2.o(.data) for Mail
    os_v2.o(i.SetInitialStack) refers to os_v2.o(.bss) for Stacks
    os_v2.o(i.TIMER0A_Handler) refers to adc.o(i.readADC) for readADC
    os_v2.o(i.TIMER0A_Handler) refers to os_v2.o(i.SendMail) for SendMail
    os_v2.o(i.TIMER0A_Handler) refers to os_v2.o(.data) for sampleSum
    os_v2.o(i.Timer0_Config) refers to startup_tm4c123.o(.text) for DisableInterrupts
    user.o(i.Task0) refers to keypad.o(.text) for Read_Key
    user.o(i.Task0) refers to os_v2.o(i.OS_FIFO_Put) for OS_FIFO_Put
    user.o(i.Task0) refers to os_v2.o(i.OS_Sleep) for OS_Sleep
    user.o(i.Task0) refers to user.o(.data) for Key_ASCII
    user.o(i.Task1) refers to _scanf_int.o(.text) for _scanf_int
    user.o(i.Task1) refers to _printf_percent.o(.ARM.Collect$$_printf_percent$$00000000) for _printf_percent
    user.o(i.Task1) refers to _printf_c.o(.ARM.Collect$$_printf_percent$$00000013) for _printf_c
    user.o(i.Task1) refers to _printf_s.o(.ARM.Collect$$_printf_percent$$00000014) for _printf_s
    user.o(i.Task1) refers to _printf_str.o(.text) for _printf_str
    user.o(i.Task1) refers to os_v2.o(i.OS_Wait) for OS_Wait
    user.o(i.Task1) refers to lcd.o(.text) for Set_Position
    user.o(i.Task1) refers to os_v2.o(i.OS_Signal) for OS_Signal
    user.o(i.Task1) refers to os_v2.o(i.OS_FIFO_Get) for OS_FIFO_Get
    user.o(i.Task1) refers to __0sscanf.o(.text) for __0sscanf
    user.o(i.Task1) refers to pwm.o(i.PWM1C_Duty) for PWM1C_Duty
    user.o(i.Task1) refers to noretval__2sprintf.o(.text) for __2sprintf
    user.o(i.Task1) refers to user.o(.constdata) for .constdata
    user.o(i.Task1) refers to user.o(.data) for LCD
    user.o(i.Task2) refers to os_v2.o(i.RecvMail) for RecvMail
    user.o(i.Task2) refers to voltage2rpm.o(i.Current_speed) for Current_speed
    user.o(i.Task2) refers to pwm.o(i.PWM1C_Duty) for PWM1C_Duty
    user.o(i.Task2) refers to os_v2.o(i.OS_Sleep) for OS_Sleep
    user.o(i.Task2) refers to user.o(.data) for voltage
    user.o(i.Task3) refers to _printf_percent.o(.ARM.Collect$$_printf_percent$$00000000) for _printf_percent
    user.o(i.Task3) refers to _printf_d.o(.ARM.Collect$$_printf_percent$$00000009) for _printf_d
    user.o(i.Task3) refers to _printf_dec.o(.text) for _printf_int_dec
    user.o(i.Task3) refers to os_v2.o(i.OS_Wait) for OS_Wait
    user.o(i.Task3) refers to lcd.o(.text) for Set_Position
    user.o(i.Task3) refers to noretval__2sprintf.o(.text) for __2sprintf
    user.o(i.Task3) refers to os_v2.o(i.OS_Signal) for OS_Signal
    user.o(i.Task3) refers to os_v2.o(i.OS_Sleep) for OS_Sleep
    user.o(i.Task3) refers to user.o(.data) for LCD
    user.o(i.main) refers to os_v2.o(i.OS_Init) for OS_Init
    user.o(i.main) refers to os_v2.o(i.OS_FIFO_Init) for OS_FIFO_Init
    user.o(i.main) refers to lcd.o(.text) for Init_LCD_Ports
    user.o(i.main) refers to adc.o(i.ADC_Init) for ADC_Init
    user.o(i.main) refers to os_v2.o(i.PortB_Init) for PortB_Init
    user.o(i.main) refers to pwm.o(i.PWM_Init) for PWM_Init
[...]
    startup_tm4c123.o(RESET) refers to os_v2.o(i.TIMER0A_Handler) for TIMER0A_Handler
    startup_tm4c123.o(.text) refers (Special) to heapauxi.o(.text) for __use_two_region_memory
    startup_tm4c123.o(.text) refers to system_tm4c123.o(i.SystemInit) for SystemInit
    startup_tm4c123.o(.text) refers to __main.o(!!!main) for __main
    startup_tm4c123.o(.text) refers to startup_tm4c123.o(HEAP) for Heap_Mem
    startup_tm4c123.o(.text) refers to startup_tm4c123.o(STACK) for Stack_Mem
    system_tm4c123.o(i.SystemCoreClockUpdate) refers to system_tm4c123.o(i.getOscClk) for getOscClk
    system_tm4c123.o(i.SystemCoreClockUpdate) refers to system_tm4c123.o(.data) for SystemCoreClock
    __2sprintf.o(.text) refers to _printf_char_common.o(.text) for _printf_char_common
    __2sprintf.o(.text) refers to _sputc.o(.text) for _sputc
    noretval__2sprintf.o(.text) refers to _printf_char_common.o(.text) for _printf_char_common
    noretval__2sprintf.o(.text) refers to _sputc.o(.text) for _sputc
    __printf.o(.text) refers to _printf_percent.o(.ARM.Collect$$_printf_percent$$00000000) for _printf_percent
    _printf_str.o(.text) refers (Special) to _printf_char.o(.text) for _printf_cs_common
    _printf_dec.o(.text) refers to _printf_intcommon.o(.text) for _printf_int_common
    __printf_flags.o(.text) refers to _printf_percent.o(.ARM.Collect$$_printf_percent$$00000000) for _printf_percent
    __printf_flags.o(.text) refers to __printf_flags.o(.constdata) for .constdata
    __printf_ss.o(.text) refers to _printf_percent.o(.ARM.Collect$$_printf_percent$$00000000) for _printf_percent
    __printf_flags_ss.o(.text) refers to _printf_percent.o(.ARM.Collect$$_printf_percent$$00000000) for _printf_percent
    __printf_flags_ss.o(.text) refers to __printf_flags_ss.o(.constdata) for .constdata
    __printf_wp.o(.text) refers to __printf_wp.o(i._is_digit) for _is_digit
    __printf_wp.o(.text) refers to _printf_percent.o(.ARM.Collect$$_printf_percent$$00000000) for _printf_percent
    __printf_flags_wp.o(.text) refers to __printf_wp.o(i._is_digit) for _is_digit
    __printf_flags_wp.o(.text) refers to _printf_percent.o(.ARM.Collect$$_printf_percent$$00000000) for _printf_percent
    __printf_flags_wp.o(.text) refers to __printf_flags_wp.o(.constdata) for .constdata
    __printf_ss_wp.o(.text) refers to __printf_wp.o(i._is_digit) for _is_digit
    __printf_ss_wp.o(.text) refers to _printf_percent.o(.ARM.Collect$$_printf_percent$$00000000) for _printf_percent
    __printf_flags_ss_wp.o(.text) refers to __printf_wp.o(i._is_digit) for _is_digit
    __printf_flags_ss_wp.o(.text) refers to _printf_percent.o(.ARM.Collect$$_printf_percent$$00000000) for _printf_percent
    __printf_flags_ss_wp.o(.text) refers to __printf_flags_ss_wp.o(.constdata) for .constdata
    _printf_c.o(.ARM.Collect$$_printf_percent$$00000013) refers (Weak) to _printf_char.o(.text) for _printf_char
    _printf_s.o(.ARM.Collect$$_printf_percent$$00000014) refers (Weak) to _printf_char.o(.text) for _printf_string
    _printf_d.o(.ARM.Collect$$_printf_percent$$00000009) refers (Weak) to _printf_dec.o(.text) for _printf_int_dec
    _printf_percent.o(.ARM.Collect$$_printf_percent$$00000000) refers (Special) to _printf_percent_end.o(.ARM.Collect$$_printf_percent$$00000017) for _printf_percent_end
    __0sscanf.o(.text) refers to scanf_char.o(.text) for __vfscanf_char
    __0sscanf.o(.text) refers to _sgetc.o(.text) for _sgetc
    _scanf_int.o(.text) refers to _chval.o(.text) for _chval
    __main.o(!!!main) refers to __rtentry.o(.ARM.Collect$$rtentry$$00000000) for __rt_entry
    __rtentry.o(.ARM.Collect$$rtentry$$00000000) refers (Special) to __rtentry2.o(.ARM.Collect$$rtentry$$0000000A) for __rt_entry_li
    __rtentry.o(.ARM.Collect$$rtentry$$00000000) refers (Special) to __rtentry2.o(.ARM.Collect$$rtentry$$0000000D) for __rt_entry_main
    __rtentry.o(.ARM.Collect$$rtentry$$00000000) refers (Special) to __rtentry2.o(.ARM.Collect$$rtentry$$0000000C) for __rt_entry_postli_1
    __rtentry.o(.ARM.Collect$$rtentry$$00000000) refers (Special) to __rtentry2.o(.ARM.Collect$$rtentry$$00000009) for __rt_entry_postsh_1
    __rtentry.o(.ARM.Collect$$rtentry$$00000000) refers (Special) to __rtentry2.o(.ARM.Collect$$rtentry$$00000002) for __rt_entry_presh_1
    __rtentry.o(.ARM.Collect$$rtentry$$00000000) refers (Special) to __rtentry4.o(.ARM.Collect$$rtentry$$00000004) for __rt_entry_sh
    _printf_char_common.o(.text) refers to __printf_ss.o(.text) for __printf
    _printf_char.o(.text) refers (Weak) to _printf_str.o(.text) for _printf_str
    scanf_char.o(.text) refers to _scanf.o(.text) for __vfscanf
    scanf_char.o(.text) refers to isspace.o(.text) for isspace
    __rtentry2.o(.ARM.Collect$$rtentry$$00000008) refers to boardinit2.o(.text) for _platform_post_stackheap_init
    __rtentry2.o(.ARM.Collect$$rtentry$$0000000A) refers to libinit.o(.ARM.Collect$$libinit$$00000000) for __rt_lib_init
    __rtentry2.o(.ARM.Collect$$rtentry$$0000000B) refers to boardinit3.o(.text) for _platform_post_lib_init
    __rtentry2.o(.ARM.Collect$$rtentry$$0000000D) refers to user.o(i.main) for main
    __rtentry2.o(.ARM.Collect$$rtentry$$0000000D) refers to exit.o(.text) for exit
    __rtentry2.o(.ARM.exidx) refers to __rtentry2.o(.ARM.Collect$$rtentry$$00000001) for .ARM.Collect$$rtentry$$00000001
    __rtentry2.o(.ARM.exidx) refers to __rtentry2.o(.ARM.Collect$$rtentry$$00000008) for .ARM.Collect$$rtentry$$00000008
    __rtentry2.o(.ARM.exidx) refers to __rtentry2.o(.ARM.Collect$$rtentry$$0000000A) for .ARM.Collect$$rtentry$$0000000A
    __rtentry2.o(.ARM.exidx) refers to __rtentry2.o(.ARM.Collect$$rtentry$$0000000B) for .ARM.Collect$$rtentry$$0000000B
    __rtentry2.o(.ARM.exidx) refers to __rtentry2.o(.ARM.Collect$$rtentry$$0000000D) for .ARM.Collect$$rtentry$$0000000D
    __rtentry4.o(.ARM.Collect$$rtentry$$00000004) refers to sys_stackheap_outer.o(.text) for __user_setup_stackheap
    __rtentry4.o(.ARM.exidx) refers to __rtentry4.o(.ARM.Collect$$rtentry$$00000004) for .ARM.Collect$$rtentry$$00000004
    isspace.o(.text) refers to rt_ctype_table.o(.text) for __rt_ctype_table
    _scanf.o(.text) refers (Weak) to _scanf_int.o(.text) for _scanf_int
    sys_stackheap_outer.o(.text) refers to libspace.o(.text) for __user_perproc_libspace
    sys_stackheap_outer.o(.text) refers to startup_tm4c123.o(.text) for __user_initial_stackheap
    rt_ctype_table.o(.text) refers to rt_locale_intlibspace.o(.text) for __rt_locale
    rt_ctype_table.o(.text) refers to lc_ctype_c.o(locale$$code) for _get_lc_ctype
    exit.o(.text) refers to rtexit.o(.ARM.Collect$$rtexit$$00000000) for __rt_exit
    libinit.o(.ARM.Collect$$libinit$$00000000) refers (Special) to libinit2.o(.ARM.Collect$$libinit$$0000002E) for __rt_lib_init_alloca_1
    libinit.o(.ARM.Collect$$libinit$$00000000) refers (Special) to libinit2.o(.ARM.Collect$$libinit$$0000002C) for __rt_lib_init_argv_1
    libinit.o(.ARM.Collect$$libinit$$00000000) refers (Special) to libinit2.o(.ARM.Collect$$libinit$$0000001B) for __rt_lib_init_atexit_1
    libinit.o(.ARM.Collect$$libinit$$00000000) refers (Special) to libinit2.o(.ARM.Collect$$libinit$$00000021) for __rt_lib_init_clock_1
    libinit.o(.ARM.Collect$$libinit$$00000000) refers (Special) to libinit2.o(.ARM.Collect$$libinit$$00000032) for __rt_lib_init_cpp_1
    libinit.o(.ARM.Collect$$libinit$$00000000) refers (Special) to libinit2.o(.ARM.Collect$$libinit$$00000030) for __rt_lib_init_exceptions_1
    libinit.o(.ARM.Collect$$libinit$$00000000) refers (Special) to libinit2.o(.ARM.Collect$$libinit$$00000002) for __rt_lib_init_fp_1
    libinit.o(.ARM.Collect$$libinit$$00000000) refers (Special) to libinit2.o(.ARM.Collect$$libinit$$0000001F) for __rt_lib_init_fp_trap_1
    libinit.o(.ARM.Collect$$libinit$$00000000) refers (Special) to libinit2.o(.ARM.Collect$$libinit$$00000023) for __rt_lib_init_getenv_1
    libinit.o(.ARM.Collect$$libinit$$00000000) refers (Special) to libinit2.o(.ARM.Collect$$libinit$$0000000A) for __rt_lib_init_heap_1
    libinit.o(.ARM.Collect$$libinit$$00000000) refers (Special) to libinit2.o(.ARM.Collect$$libinit$$00000011) for __rt_lib_init_lc_collate_1
    libinit.o(.ARM.Collect$$libinit$$00000000) refers (Special) to libinit2.o(.ARM.Collect$$libinit$$00000013) for __rt_lib_init_lc_ctype_1
    libinit.o(.ARM.Collect$$libinit$$00000000) refers (Special) to libinit2.o(.ARM.Collect$$libinit$$00000015) for __rt_lib_init_lc_monetary_1
    libinit.o(.ARM.Collect$$libinit$$00000000) refers (Special) to libinit2.o(.ARM.Collect$$libinit$$00000017) for __rt_lib_init_lc_numeric_1
    libinit.o(.ARM.Collect$$libinit$$00000000) refers (Special) to libinit2.o(.ARM.Collect$$libinit$$00000019) for __rt_lib_init_lc_time_1
    libinit.o(.ARM.Collect$$libinit$$00000000) refers (Special) to libinit2.o(.ARM.Collect$$libinit$$00000004) for __rt_lib_init_preinit_1
    libinit.o(.ARM.Collect$$libinit$$00000000) refers (Special) to libinit2.o(.ARM.Collect$$libinit$$0000000E) for __rt_lib_init_rand_1
    libinit.o(.ARM.Collect$$libinit$$00000000) refers (Special) to libinit2.o(.ARM.Collect$$libinit$$00000033) for __rt_lib_init_return
    libinit.o(.ARM.Collect$$libinit$$00000000) refers (Special) to libinit2.o(.ARM.Collect$$libinit$$0000001D) for __rt_lib_init_signal_1
    libinit.o(.ARM.Collect$$libinit$$00000000) refers (Special) to libinit2.o(.ARM.Collect$$libinit$$00000025) for __rt_lib_init_stdio_1
    libinit.o(.ARM.Collect$$libinit$$00000000) refers (Special) to libinit2.o(.ARM.Collect$$libinit$$0000000C) for __rt_lib_init_user_alloc_1
    libspace.o(.text) refers to libspace.o(.bss) for __libspace_start
    rtexit.o(.ARM.Collect$$rtexit$$00000000) refers (Special) to rtexit2.o(.ARM.Collect$$rtexit$$00000004) for __rt_exit_exit
    rtexit.o(.ARM.Collect$$rtexit$$00000000) refers (Special) to rtexit2.o(.ARM.Collect$$rtexit$$00000003) for __rt_exit_ls
    rtexit.o(.ARM.Collect$$rtexit$$00000000) refers (Special) to rtexit2.o(.ARM.Collect$$rtexit$$00000002) for __rt_exit_prels_1
    rtexit.o(.ARM.exidx) refers (Special) to rtexit2.o(.ARM.Collect$$rtexit$$00000004) for __rt_exit_exit
    rtexit.o(.ARM.exidx) refers (Special) to rtexit2.o(.ARM.Collect$$rtexit$$00000003) for __rt_exit_ls
    rtexit.o(.ARM.exidx) refers (Special) to rtexit2.o(.ARM.Collect$$rtexit$$00000002) for __rt_exit_prels_1
    rtexit.o(.ARM.exidx) refers to rtexit.o(.ARM.Collect$$rtexit$$00000000) for .ARM.Collect$$rtexit$$00000000
    rt_locale.o(.text) refers to rt_locale.o(.bss) for __rt_locale_data
    rt_locale_intlibspace.o(.text) refers to libspace.o(.bss) for __libspace_start
    lc_ctype_c.o(locale$$data) refers (Special) to libinit2.o(.ARM.Collect$$libinit$$00000012) for __rt_lib_init_lc_ctype_2
    lc_ctype_c.o(locale$$code) refers (Special) to libinit2.o(.ARM.Collect$$libinit$$00000012) for __rt_lib_init_lc_ctype_2
    lc_ctype_c.o(locale$$code) refers to strcmpv7m.o(.text) for strcmp
    lc_ctype_c.o(locale$$code) refers to lc_ctype_c.o(locale$$data) for __lcctype_c_name
    libinit2.o(.ARM.Collect$$libinit$$0000000F) refers (Weak) to rt_locale_intlibspace.o(.text) for __rt_locale
    libinit2.o(.ARM.Collect$$libinit$$00000010) refers to libinit2.o(.ARM.Collect$$libinit$$0000000F) for .ARM.Collect$$libinit$$0000000F
    libinit2.o(.ARM.Collect$$libinit$$00000012) refers to libinit2.o(.ARM.Collect$$libinit$$0000000F) for .ARM.Collect$$libinit$$0000000F
    libinit2.o(.ARM.Collect$$libinit$$00000012) refers (Weak) to lc_ctype_c.o(locale$$code) for _get_lc_ctype
    libinit2.o(.ARM.Collect$$libinit$$00000014) refers to libinit2.o(.ARM.Collect$$libinit$$0000000F) for .ARM.Collect$$libinit$$0000000F
    libinit2.o(.ARM.Collect$$libinit$$00000016) refers to libinit2.o(.ARM.Collect$$libinit$$0000000F) for .ARM.Collect$$libinit$$0000000F
    libinit2.o(.ARM.Collect$$libinit$$00000018) refers to libinit2.o(.ARM.Collect$$libinit$$0000000F) for .ARM.Collect$$libinit$$0000000F
    libinit2.o(.ARM.Collect$$libinit$$00000026) refers to argv_veneer.o(.emb_text) for __ARM_argv_veneer
    libinit2.o(.ARM.Collect$$libinit$$00000027) refers to argv_veneer.o(.emb_text) for __ARM_argv_veneer
    rtexit2.o(.ARM.Collect$$rtexit$$00000003) refers to libshutdown.o(.ARM.Collect$$libshutdown$$00000000) for __rt_lib_shutdown
    rtexit2.o(.ARM.Collect$$rtexit$$00000004) refers to sys_exit.o(.text) for _sys_exit
    rtexit2.o(.ARM.exidx) refers to rtexit2.o(.ARM.Collect$$rtexit$$00000001) for .ARM.Collect$$rtexit$$00000001
    rtexit2.o(.ARM.exidx) refers to rtexit2.o(.ARM.Collect$$rtexit$$00000003) for .ARM.Collect$$rtexit$$00000003
    rtexit2.o(.ARM.exidx) refers to rtexit2.o(.ARM.Collect$$rtexit$$00000004) for .ARM.Collect$$rtexit$$00000004
    argv_veneer.o(.emb_text) refers to no_argv.o(.text) for __ARM_get_argv
    sys_exit.o(.text) refers (Special) to use_no_semi.o(.text) for __I$use$semihosting
    sys_exit.o(.text) refers (Special) to indicate_semi.o(.text) for __semihosting_library_function
    _get_argv_nomalloc.o(.text) refers (Special) to hrguard.o(.text) for __heap_region$guard
    _get_argv_nomalloc.o(.text) refers to defsig_rtmem_outer.o(.text) for __rt_SIGRTMEM
    _get_argv_nomalloc.o(.text) refers to sys_command.o(.text) for _sys_command_string
    libshutdown.o(.ARM.Collect$$libshutdown$$00000000) refers (Special) to libshutdown2.o(.ARM.Collect$$libshutdown$$00000002) for __rt_lib_shutdown_cpp_1
    libshutdown.o(.ARM.Collect$$libshutdown$$00000000) refers (Special) to libshutdown2.o(.ARM.Collect$$libshutdown$$00000007) for __rt_lib_shutdown_fp_trap_1
    libshutdown.o(.ARM.Collect$$libshutdown$$00000000) refers (Special) to libshutdown2.o(.ARM.Collect$$libshutdown$$0000000F) for __rt_lib_shutdown_heap_1
    libshutdown.o(.ARM.Collect$$libshutdown$$00000000) refers (Special) to libshutdown2.o(.ARM.Collect$$libshutdown$$00000010) for __rt_lib_shutdown_return
    libshutdown.o(.ARM.Collect$$libshutdown$$00000000) refers (Special) to libshutdown2.o(.ARM.Collect$$libshutdown$$0000000A) for __rt_lib_shutdown_signal_1
    libshutdown.o(.ARM.Collect$$libshutdown$$00000000) refers (Special) to libshutdown2.o(.ARM.Collect$$libshutdown$$00000004) for __rt_lib_shutdown_stdio_1
    libshutdown.o(.ARM.Collect$$libshutdown$$00000000) refers (Special) to libshutdown2.o(.ARM.Collect$$libshutdown$$0000000C) for __rt_lib_shutdown_user_alloc_1
    sys_command.o(.text) refers (Special) to use_no_semi.o(.text) for __I$use$semihosting
    sys_command.o(.text) refers (Special) to indicate_semi.o(.text) for __semihosting_library_function
    defsig_rtmem_outer.o(.text) refers to defsig_rtmem_inner.o(.text) for __rt_SIGRTMEM_inner
    defsig_rtmem_outer.o(.text) refers to defsig_exit.o(.text) for __sig_exit
    defsig_rtmem_formal.o(.text) refers to rt_raise.o(.text) for __rt_raise
    rt_raise.o(.text) refers to __raise.o(.text) for __raise
    rt_raise.o(.text) refers to sys_exit.o(.text) for _sys_exit
    defsig_exit.o(.text) refers to sys_exit.o(.text) for _sys_exit
    defsig_rtmem_inner.o(.text) refers to defsig_general.o(.text) for __default_signal_display
    __raise.o(.text) refers to defsig.o(CL$$defsig) for __default_signal_handler
    defsig_general.o(.text) refers to sys_wrch.o(.text) for _ttywrch
    sys_wrch.o(.text) refers (Special) to use_no_semi.o(.text) for __I$use$semihosting
    sys_wrch.o(.text) refers (Special) to indicate_semi.o(.text) for __semihosting_library_function
    defsig.o(CL$$defsig) refers to defsig_rtmem_inner.o(.text) for __rt_SIGRTMEM_inner
    defsig_abrt_inner.o(.text) refers to defsig_general.o(.text) for __default_signal_display
    defsig_fpe_inner.o(.text) refers to defsig_general.o(.text) for __default_signal_display
    defsig_rtred_inner.o(.text) refers to defsig_general.o(.text) for __default_signal_display
    defsig_stak_inner.o(.text) refers to defsig_general.o(.text) for __default_signal_display
    defsig_pvfn_inner.o(.text) refers to defsig_general.o(.text) for __default_signal_display
    defsig_cppl_inner.o(.text) refers to defsig_general.o(.text) for __default_signal_display
    defsig_segv_inner.o(.text) refers to defsig_general.o(.text) for __default_signal_display
    defsig_other.o(.text) refers to defsig_general.o(.text) for __default_signal_display


==============================================================================

Removing Unused input sections from the image.

    Removing os_v2.o(.rev16_text), (4 bytes).
    Removing os_v2.o(.revsh_text), (4 bytes).
    Removing os_v2.o(.rrx_text), (6 bytes).
    Removing user.o(.rev16_text), (4 bytes).
    Removing user.o(.revsh_text), (4 bytes).
    Removing user.o(.rrx_text), (6 bytes).
    Removing voltage2rpm.o(.rev16_text), (4 bytes).
    Removing voltage2rpm.o(.revsh_text), (4 bytes).
    Removing voltage2rpm.o(.rrx_text), (6 bytes).
    Removing ascii_conversions.o(.text), (138 bytes).
    Removing adc.o(.rev16_text), (4 bytes).
    Removing adc.o(.revsh_text), (4 bytes).
    Removing adc.o(.rrx_text), (6 bytes).
    Removing pwm.o(.rev16_text), (4 bytes).
    Removing pwm.o(.revsh_text), (4 bytes).
    Removing pwm.o(.rrx_text), (6 bytes).
    Removing pwm.o(i.Motor_Init), (84 bytes).
    Removing system_tm4c123.o(.rev16_text), (4 bytes).
    Removing system_tm4c123.o(.revsh_text), (4 bytes).
    Removing system_tm4c123.o(.rrx_text), (6 bytes).
    Removing system_tm4c123.o(i.SystemCoreClockUpdate), (196 bytes).
    Removing system_tm4c123.o(i.getOscClk), (244 bytes).
    Removing system_tm4c123.o(.data), (4 bytes).

23 unused section(s) (total 750 bytes) removed from the image.

==============================================================================

Image Symbol Table

    Local Symbols

    Symbol Name                              Value     Ov Type        Size  Object(Section)

    RESET                                    0x00000000   Section      620  startup_tm4c123.o(RESET)
    ../clib/angel/boardlib.s                 0x00000000   Number         0  boardinit3.o ABSOLUTE
    ../clib/angel/boardlib.s                 0x00000000   Number         0  boardinit1.o ABSOLUTE
    ../clib/angel/boardlib.s                 0x00000000   Number         0  boardshut.o ABSOLUTE
    ../clib/angel/boardlib.s                 0x00000000   Number         0  boardinit2.o ABSOLUTE
    ../clib/angel/handlers.s                 0x00000000   Number         0  __scatter_zi.o ABSOLUTE
    ../clib/angel/handlers.s                 0x00000000   Number         0  __scatter_copy.o ABSOLUTE
    ../clib/angel/kernel.s                   0x00000000   Number         0  rtexit.o ABSOLUTE
    ../clib/angel/kernel.s                   0x00000000   Number         0  __rtentry.o ABSOLUTE
    ../clib/angel/kernel.s                   0x00000000   Number         0  __rtentry4.o ABSOLUTE
    ../clib/angel/kernel.s                   0x00000000   Number         0  __rtentry2.o ABSOLUTE
    ../clib/angel/kernel.s                   0x00000000   Number         0  rtexit2.o ABSOLUTE
    ../clib/angel/rt.s                       0x00000000   Number         0  rt_raise.o ABSOLUTE
    ../clib/angel/rt.s                       0x00000000   Number         0  rt_locale.o ABSOLUTE
    ../clib/angel/rt.s                       0x00000000   Number         0  rt_locale_intlibspace.o ABSOLUTE
    ../clib/angel/rt.s                       0x00000000   Number         0  rt_ctype_table.o ABSOLUTE
    ../clib/angel/scatter.s                  0x00000000   Number         0  __scatter.o ABSOLUTE
    ../clib/angel/startup.s                  0x00000000   Number         0  __main.o ABSOLUTE
    ../clib/angel/sys.s                      0x00000000   Number         0  libspace.o ABSOLUTE
    ../clib/angel/sys.s                      0x00000000   Number         0  sys_stackheap_outer.o ABSOLUTE
    ../clib/angel/sys.s                      0x00000000   Number         0  indicate_semi.o ABSOLUTE
    ../clib/angel/sys.s                      0x00000000   Number         0  use_no_semi.o ABSOLUTE
    ../clib/angel/sysapp.c                   0x00000000   Number         0  sys_command.o ABSOLUTE
    ../clib/angel/sysapp.c                   0x00000000   Number         0  sys_wrch.o ABSOLUTE
    ../clib/angel/sysapp.c                   0x00000000   Number         0  sys_exit.o ABSOLUTE
    ../clib/armsys.c                         0x00000000   Number         0  argv_veneer.o ABSOLUTE
    ../clib/armsys.c                         0x00000000   Number         0  no_argv.o ABSOLUTE
    ../clib/armsys.c                         0x00000000   Number         0  _get_argv_nomalloc.o ABSOLUTE
    ../clib/armsys.c                         0x00000000   Number         0  argv_veneer.o ABSOLUTE
    ../clib/ctype.c                          0x00000000   Number         0  isspace.o ABSOLUTE
    ../clib/heapalloc.c                      0x00000000   Number         0  hrguard.o ABSOLUTE
    ../clib/heapaux.c                        0x00000000   Number         0  heapauxi.o ABSOLUTE
    ../clib/libinit.s                        0x00000000   Number         0  libshutdown2.o ABSOLUTE
    ../clib/libinit.s                        0x00000000   Number         0  libinit.o ABSOLUTE
    ../clib/libinit.s                        0x00000000   Number         0  libshutdown.o ABSOLUTE
    ../clib/libinit.s                        0x00000000   Number         0  libinit2.o ABSOLUTE
    ../clib/locale.s                         0x00000000   Number         0  lc_ctype_c.o ABSOLUTE
    ../clib/memcpset.s                       0x00000000   Number         0  strcmpv7m.o ABSOLUTE
    ../clib/misc.s                           0x00000000   Number         0  printf_stubs.o ABSOLUTE
    ../clib/printf.c                         0x00000000   Number         0  _printf_dec.o ABSOLUTE
    ../clib/printf.c                         0x00000000   Number         0  _sputc.o ABSOLUTE
    ../clib/printf.c                         0x00000000   Number         0  _printf_char.o ABSOLUTE
    ../clib/printf.c                         0x00000000   Number         0  __printf_flags.o ABSOLUTE
    ../clib/printf.c                         0x00000000   Number         0  __printf_ss.o ABSOLUTE
    ../clib/printf.c                         0x00000000   Number         0  __printf_nopercent.o ABSOLUTE
    ../clib/printf.c                         0x00000000   Number         0  __printf_flags_ss.o ABSOLUTE
    ../clib/printf.c                         0x00000000   Number         0  __printf_wp.o ABSOLUTE
    ../clib/printf.c                         0x00000000   Number         0  __2sprintf.o ABSOLUTE
    ../clib/printf.c                         0x00000000   Number         0  __printf_ss_wp.o ABSOLUTE
    ../clib/printf.c                         0x00000000   Number         0  __printf_flags_ss_wp.o ABSOLUTE
    ../clib/printf.c                         0x00000000   Number         0  _printf_intcommon.o ABSOLUTE
    ../clib/printf.c                         0x00000000   Number         0  _printf_char_common.o ABSOLUTE
    ../clib/printf.c                         0x00000000   Number         0  __printf_flags_wp.o ABSOLUTE
    ../clib/printf.c                         0x00000000   Number         0  noretval__2sprintf.o ABSOLUTE
    ../clib/printf.c                         0x00000000   Number         0  __printf.o ABSOLUTE
    ../clib/printf.c                         0x00000000   Number         0  _printf_str.o ABSOLUTE
    ../clib/printf_percent.s                 0x00000000   Number         0  _printf_percent_end.o ABSOLUTE
    ../clib/printf_percent.s                 0x00000000   Number         0  _printf_percent.o ABSOLUTE
    ../clib/printf_percent.s                 0x00000000   Number         0  _printf_d.o ABSOLUTE
    ../clib/printf_percent.s                 0x00000000   Number         0  _printf_s.o ABSOLUTE
    ../clib/printf_percent.s                 0x00000000   Number         0  _printf_c.o ABSOLUTE
    ../clib/scanf.c                          0x00000000   Number         0  _scanf.o ABSOLUTE
    ../clib/scanf.c                          0x00000000   Number         0  _chval.o ABSOLUTE
    ../clib/scanf.c                          0x00000000   Number         0  scanf_char.o ABSOLUTE
    ../clib/scanf.c                          0x00000000   Number         0  _scanf_int.o ABSOLUTE
    ../clib/scanf.c                          0x00000000   Number         0  __0sscanf.o ABSOLUTE
    ../clib/scanf.c                          0x00000000   Number         0  _sgetc.o ABSOLUTE
    ../clib/signal.c                         0x00000000   Number         0  defsig_pvfn_inner.o ABSOLUTE
    ../clib/signal.c                         0x00000000   Number         0  defsig_rtred_inner.o ABSOLUTE
    ../clib/signal.c                         0x00000000   Number         0  defsig_abrt_inner.o ABSOLUTE
    ../clib/signal.c                         0x00000000   Number         0  defsig_other.o ABSOLUTE
    ../clib/signal.c                         0x00000000   Number         0  defsig_segv_inner.o ABSOLUTE
    ../clib/signal.c                         0x00000000   Number         0  defsig_exit.o ABSOLUTE
    ../clib/signal.c                         0x00000000   Number         0  defsig_rtmem_inner.o ABSOLUTE
    ../clib/signal.c                         0x00000000   Number         0  defsig_fpe_inner.o ABSOLUTE
    ../clib/signal.c                         0x00000000   Number         0  defsig_rtmem_formal.o ABSOLUTE
    ../clib/signal.c                         0x00000000   Number         0  defsig_general.o ABSOLUTE
    ../clib/signal.c                         0x00000000   Number         0  defsig_rtmem_outer.o ABSOLUTE
    ../clib/signal.c                         0x00000000   Number         0  __raise.o ABSOLUTE
    ../clib/signal.c                         0x00000000   Number         0  defsig_cppl_inner.o ABSOLUTE
    ../clib/signal.c                         0x00000000   Number         0  defsig_stak_inner.o ABSOLUTE
    ../clib/signal.s                         0x00000000   Number         0  defsig.o ABSOLUTE
    ../clib/stdlib.c                         0x00000000   Number         0  exit.o ABSOLUTE
    ../fplib/fpinit.s                        0x00000000   Number         0  fpinit.o ABSOLUTE
    ADC.c                                    0x00000000   Number         0  adc.o ABSOLUTE
    ADC.c                                    0x00000000   Number         0  adc.o ABSOLUTE
    ASCII_Conversions.s                      0x00000000   Number         0  ascii_conversions.o ABSOLUTE
    Keypad.s                                 0x00000000   Number         0  keypad.o ABSOLUTE
    LCD.s                                    0x00000000   Number         0  lcd.o ABSOLUTE
    PWM.c                                    0x00000000   Number         0  pwm.o ABSOLUTE
    PWM.c                                    0x00000000   Number         0  pwm.o ABSOLUTE
    RTE\Device\TM4C123GH6PM\startup_TM4C123.s 0x00000000   Number         0  startup_tm4c123.o ABSOLUTE
    RTE\Device\TM4C123GH6PM\system_TM4C123.c 0x00000000   Number         0  system_tm4c123.o ABSOLUTE
    RTE\\Device\\TM4C123GH6PM\\system_TM4C123.c 0x00000000   Number         0  system_tm4c123.o ABSOLUTE
    User.c                                   0x00000000   Number         0  user.o ABSOLUTE
    User.c                                   0x00000000   Number         0  user.o ABSOLUTE
    Voltage2RPM.c                            0x00000000   Number         0  voltage2rpm.o ABSOLUTE
    Voltage2RPM.c                            0x00000000   Number         0  voltage2rpm.o ABSOLUTE
    dc.s                                     0x00000000   Number         0  dc.o ABSOLUTE
    os_v2.c                                  0x00000000   Number         0  os_v2.o ABSOLUTE
    os_v2.c                                  0x00000000   Number         0  os_v2.o ABSOLUTE
    osasm_V2.s                               0x00000000   Number         0  osasm_v2.o ABSOLUTE
    !!!main                                  0x0000026c   Section        8  __main.o(!!!main)
    !!!scatter                               0x00000274   Section       52  __scatter.o(!!!scatter)
    !!handler_copy                           0x000002a8   Section       26  __scatter_copy.o(!!handler_copy)
    !!handler_zi                             0x000002c4   Section       28  __scatter_zi.o(!!handler_zi)
    .ARM.Collect$$_printf_percent$$00000000  0x000002e0   Section        0  _printf_percent.o(.ARM.Collect$$_printf_percent$$00000000)
    .ARM.Collect$$_printf_percent$$00000009  0x000002e0   Section        6  _printf_d.o(.ARM.Collect$$_printf_percent$$00000009)
    .ARM.Collect$$_printf_percent$$00000013  0x000002e6   Section        6  _printf_c.o(.ARM.Collect$$_printf_percent$$00000013)
    .ARM.Collect$$_printf_percent$$00000014  0x000002ec   Section        6  _printf_s.o(.ARM.Collect$$_printf_percent$$00000014)
    .ARM.Collect$$_printf_percent$$00000017  0x000002f2   Section        4  _printf_percent_end.o(.ARM.Collect$$_printf_percent$$00000017)
    .ARM.Collect$$libinit$$00000000          0x000002f6   Section        2  libinit.o(.ARM.Collect$$libinit$$00000000)
    .ARM.Collect$$libinit$$00000002          0x000002f8   Section        0  libinit2.o(.ARM.Collect$$libinit$$00000002)
    .ARM.Collect$$libinit$$00000004          0x000002f8   Section        0  libinit2.o(.ARM.Collect$$libinit$$00000004)
    .ARM.Collect$$libinit$$0000000A          0x000002f8   Section        0  libinit2.o(.ARM.Collect$$libinit$$0000000A)
    .ARM.Collect$$libinit$$0000000C          0x000002f8   Section        0  libinit2.o(.ARM.Collect$$libinit$$0000000C)
    .ARM.Collect$$libinit$$0000000E          0x000002f8   Section        0  libinit2.o(.ARM.Collect$$libinit$$0000000E)
    .ARM.Collect$$libinit$$0000000F          0x000002f8   Section        6  libinit2.o(.ARM.Collect$$libinit$$0000000F)
    .ARM.Collect$$libinit$$00000011          0x000002fe   Section        0  libinit2.o(.ARM.Collect$$libinit$$00000011)
    .ARM.Collect$$libinit$$00000012          0x000002fe   Section       12  libinit2.o(.ARM.Collect$$libinit$$00000012)
    .ARM.Collect$$libinit$$00000013          0x0000030a   Section        0  libinit2.o(.ARM.Collect$$libinit$$00000013)
    .ARM.Collect$$libinit$$00000015          0x0000030a   Section        0  libinit2.o(.ARM.Collect$$libinit$$00000015)
    .ARM.Collect$$libinit$$00000017          0x0000030a   Section        0  libinit2.o(.ARM.Collect$$libinit$$00000017)
    .ARM.Collect$$libinit$$00000019          0x0000030a   Section        0  libinit2.o(.ARM.Collect$$libinit$$00000019)
    .ARM.Collect$$libinit$$0000001B          0x0000030a   Section        0  libinit2.o(.ARM.Collect$$libinit$$0000001B)
    .ARM.Collect$$libinit$$0000001D          0x0000030a   Section        0  libinit2.o(.ARM.Collect$$libinit$$0000001D)
    .ARM.Collect$$libinit$$0000001F          0x0000030a   Section        0  libinit2.o(.ARM.Collect$$libinit$$0000001F)
    .ARM.Collect$$libinit$$00000021          0x0000030a   Section        0  libinit2.o(.ARM.Collect$$libinit$$00000021)
    .ARM.Collect$$libinit$$00000023          0x0000030a   Section        0  libinit2.o(.ARM.Collect$$libinit$$00000023)
    .ARM.Collect$$libinit$$00000025          0x0000030a   Section        0  libinit2.o(.ARM.Collect$$libinit$$00000025)
    .ARM.Collect$$libinit$$0000002C          0x0000030a   Section        0  libinit2.o(.ARM.Collect$$libinit$$0000002C)
    .ARM.Collect$$libinit$$0000002E          0x0000030a   Section        0  libinit2.o(.ARM.Collect$$libinit$$0000002E)
    .ARM.Collect$$libinit$$00000030          0x0000030a   Section        0  libinit2.o(.ARM.Collect$$libinit$$00000030)
    .ARM.Collect$$libinit$$00000032          0x0000030a   Section        0  libinit2.o(.ARM.Collect$$libinit$$00000032)
    .ARM.Collect$$libinit$$00000033          0x0000030a   Section        2  libinit2.o(.ARM.Collect$$libinit$$00000033)
    .ARM.Collect$$libshutdown$$00000000      0x0000030c   Section        2  libshutdown.o(.ARM.Collect$$libshutdown$$00000000)
    .ARM.Collect$$libshutdown$$00000002      0x0000030e   Section        0  libshutdown2.o(.ARM.Collect$$libshutdown$$00000002)
    .ARM.Collect$$libshutdown$$00000004      0x0000030e   Section        0  libshutdown2.o(.ARM.Collect$$libshutdown$$00000004)
    .ARM.Collect$$libshutdown$$00000007      0x0000030e   Section        0  libshutdown2.o(.ARM.Collect$$libshutdown$$00000007)
    .ARM.Collect$$libshutdown$$0000000A      0x0000030e   Section        0  libshutdown2.o(.ARM.Collect$$libshutdown$$0000000A)
    .ARM.Collect$$libshutdown$$0000000C      0x0000030e   Section        0  libshutdown2.o(.ARM.Collect$$libshutdown$$0000000C)
    .ARM.Collect$$libshutdown$$0000000F      0x0000030e   Section        0  libshutdown2.o(.ARM.Collect$$libshutdown$$0000000F)
    .ARM.Collect$$libshutdown$$00000010      0x0000030e   Section        2  libshutdown2.o(.ARM.Collect$$libshutdown$$00000010)
    .ARM.Collect$$rtentry$$00000000          0x00000310   Section        0  __rtentry.o(.ARM.Collect$$rtentry$$00000000)
    .ARM.Collect$$rtentry$$00000002          0x00000310   Section        0  __rtentry2.o(.ARM.Collect$$rtentry$$00000002)
    .ARM.Collect$$rtentry$$00000004          0x00000310   Section        6  __rtentry4.o(.ARM.Collect$$rtentry$$00000004)
    .ARM.Collect$$rtentry$$00000009          0x00000316   Section        0  __rtentry2.o(.ARM.Collect$$rtentry$$00000009)
    .ARM.Collect$$rtentry$$0000000A          0x00000316   Section        4  __rtentry2.o(.ARM.Collect$$rtentry$$0000000A)
    .ARM.Collect$$rtentry$$0000000C          0x0000031a   Section        0  __rtentry2.o(.ARM.Collect$$rtentry$$0000000C)
    .ARM.Collect$$rtentry$$0000000D          0x0000031a   Section        8  __rtentry2.o(.ARM.Collect$$rtentry$$0000000D)
    .ARM.Collect$$rtexit$$00000000           0x00000322   Section        2  rtexit.o(.ARM.Collect$$rtexit$$00000000)
    .ARM.Collect$$rtexit$$00000002           0x00000324   Section        0  rtexit2.o(.ARM.Collect$$rtexit$$00000002)
    .ARM.Collect$$rtexit$$00000003           0x00000324   Section        4  rtexit2.o(.ARM.Collect$$rtexit$$00000003)
    .ARM.Collect$$rtexit$$00000004           0x00000328   Section        6  rtexit2.o(.ARM.Collect$$rtexit$$00000004)
    .text                                    0x00000330   Section      588  lcd.o(.text)
    .text                                    0x0000057c   Section       84  osasm_v2.o(.text)
    .text                                    0x000005d0   Section      588  keypad.o(.text)
    .text                                    0x0000081c   Section      296  startup_tm4c123.o(.text)
    .text                                    0x00000944   Section        0  noretval__2sprintf.o(.text)
    .text                                    0x0000096c   Section        0  _printf_str.o(.text)
    .text                                    0x000009c0   Section        0  _printf_dec.o(.text)
    .text                                    0x00000a38   Section        0  __printf_ss.o(.text)
    .text                                    0x00000af0   Section        0  __0sscanf.o(.text)
    .text                                    0x00000b2c   Section        0  _scanf_int.o(.text)
    .text                                    0x00000c78   Section        0  heapauxi.o(.text)
    .text                                    0x00000c7e   Section        0  _printf_intcommon.o(.text)
    .text                                    0x00000d30   Section        0  _printf_char_common.o(.text)
    _printf_input_char                       0x00000d31   Thumb Code    10  _printf_char_common.o(.text)
    .text                                    0x00000d60   Section        0  _sputc.o(.text)
    .text                                    0x00000d6a   Section        0  _printf_char.o(.text)
    .text                                    0x00000d96   Section        0  _chval.o(.text)
    .text                                    0x00000db4   Section        0  scanf_char.o(.text)
    _scanf_char_input                        0x00000db5   Thumb Code    12  scanf_char.o(.text)
    .text                                    0x00000de0   Section        0  _sgetc.o(.text)
    .text                                    0x00000e20   Section        0  isspace.o(.text)
    .text                                    0x00000e34   Section        0  _scanf.o(.text)
    .text                                    0x000011a8   Section       74  sys_stackheap_outer.o(.text)
    .text                                    0x000011f4   Section       16  rt_ctype_table.o(.text)
    .text                                    0x00001204   Section        0  exit.o(.text)
    .text                                    0x00001218   Section        8  libspace.o(.text)
    .text                                    0x00001220   Section        8  rt_locale_intlibspace.o(.text)
    .text                                    0x00001228   Section      128  strcmpv7m.o(.text)
    .text                                    0x000012a8   Section        0  sys_exit.o(.text)
    .text                                    0x000012b4   Section        2  use_no_semi.o(.text)
    .text                                    0x000012b6   Section        0  indicate_semi.o(.text)
    i.ADC_Init                               0x000012b8   Section        0  adc.o(i.ADC_Init)
    i.Clock_Init                             0x00001358   Section        0  os_v2.o(i.Clock_Init)
    i.Current_speed                          0x0000137c   Section        0  voltage2rpm.o(i.Current_speed)
    i.OS_AddThreads                          0x00001398   Section        0  os_v2.o(i.OS_AddThreads)
    i.OS_FIFO_Get                            0x00001410   Section        0  os_v2.o(i.OS_FIFO_Get)
    i.OS_FIFO_Init                           0x00001448   Section        0  os_v2.o(i.OS_FIFO_Init)
    i.OS_FIFO_Put                            0x00001474   Section        0  os_v2.o(i.OS_FIFO_Put)
    i.OS_Init                                0x000014c8   Section        0  os_v2.o(i.OS_Init)
    i.OS_InitSemaphore                       0x000014f4   Section        0  os_v2.o(i.OS_InitSemaphore)
    i.OS_Launch                              0x000014f8   Section        0  os_v2.o(i.OS_Launch)
    i.OS_Signal                              0x00001510   Section        0  os_v2.o(i.OS_Signal)
    i.OS_Sleep                               0x00001544   Section        0  os_v2.o(i.OS_Sleep)
    i.OS_Suspend                             0x00001558   Section        0  os_v2.o(i.OS_Suspend)
    i.OS_Wait                                0x00001568   Section        0  os_v2.o(i.OS_Wait)
    i.PWM1C_Duty                             0x00001594   Section        0  pwm.o(i.PWM1C_Duty)
    i.PWM_Init                               0x000015a0   Section        0  pwm.o(i.PWM_Init)
    i.PortB_Init                             0x00001678   Section        0  os_v2.o(i.PortB_Init)
    i.RecvMail                               0x000016b8   Section        0  os_v2.o(i.RecvMail)
    i.Scheduler                              0x000016d0   Section        0  os_v2.o(i.Scheduler)
    i.SendMail                               0x00001728   Section        0  os_v2.o(i.SendMail)
    i.SetInitialStack                        0x00001760   Section        0  os_v2.o(i.SetInitialStack)
    i.SystemInit                             0x000018b0   Section        0  system_tm4c123.o(i.SystemInit)
    i.TIMER0A_Handler                        0x000018b4   Section        0  os_v2.o(i.TIMER0A_Handler)
    i.Task0                                  0x00001908   Section        0  user.o(i.Task0)
    i.Task1                                  0x00001958   Section        0  user.o(i.Task1)
    i.Task2                                  0x00001b3c   Section        0  user.o(i.Task2)
    i.Task3                                  0x00001c2c   Section        0  user.o(i.Task3)
    i.Timer0_Config                          0x00001c84   Section        0  os_v2.o(i.Timer0_Config)
    i.main                                   0x00001d10   Section        0  user.o(i.main)
    i.readADC                                0x00001d88   Section        0  adc.o(i.readADC)
    locale$$code                             0x00001df8   Section       44  lc_ctype_c.o(locale$$code)
    .constdata                               0x00001e24   Section        4  user.o(.constdata)
    locale$$data                             0x00001e48   Section      272  lc_ctype_c.o(locale$$data)
    __lcctype_c_name                         0x00001e4c   Data           2  lc_ctype_c.o(locale$$data)
    __lcctype_c_start                        0x00001e54   Data           0  lc_ctype_c.o(locale$$data)
    __lcctype_c_end                          0x00001f58   Data           0  lc_ctype_c.o(locale$$data)
    .data                                    0x20000000   Section       40  os_v2.o(.data)
    .data                                    0x20000028   Section       44  user.o(.data)
    RAMData                                  0x20000054   Section        8  keypad.o(RAMData)
    RFlag                                    0x20000054   Data           4  keypad.o(RAMData)
    Key                                      0x20000058   Data           4  keypad.o(RAMData)
    .bss                                     0x2000005c   Section     1312  os_v2.o(.bss)
    .bss                                     0x2000057c   Section       96  libspace.o(.bss)
    HEAP                                     0x200005e0   Section        0  startup_tm4c123.o(HEAP)
    STACK                                    0x200005e0   Section      512  startup_tm4c123.o(STACK)
    Heap_Mem                                 0x200005e0   Data           0  startup_tm4c123.o(HEAP)
    Stack_Mem                                0x200005e0   Data         512  startup_tm4c123.o(STACK)
    __initial_sp                             0x200007e0   Data           0  startup_tm4c123.o(STACK)

    Global Symbols

    Symbol Name                              Value     Ov Type        Size  Object(Section)

    BuildAttributes$$THM_ISAv4$E$P$D$K$B$S$7EM$PE$A:L22UL41UL21$X:L11$S22US41US21$IEEE1$IW$USESV6$~STKCKD$USESV7$~SHL$OSPACE$ROPI$EBA8$UX$STANDARDLIB$REQ8$EABIv2 0x00000000   Number         0  anon$$obj.o ABSOLUTE
    __ARM_use_no_argv                        0x00000000   Number         0  user.o ABSOLUTE
    __Vectors                                0x00000000   Data           4  startup_tm4c123.o(RESET)
    _printf_flags                            0x00000000   Number         0  printf_stubs.o ABSOLUTE
    _printf_return_value                     0x00000000   Number         0  printf_stubs.o ABSOLUTE
    _printf_sizespec                         0x00000000   Number         0  printf_stubs.o ABSOLUTE
    _printf_widthprec                        0x00000000   Number         0  printf_stubs.o ABSOLUTE
    __ARM_exceptions_init                     - Undefined Weak Reference
    __alloca_initialize                       - Undefined Weak Reference
    __arm_preinit_                            - Undefined Weak Reference
    __cpp_initialize__aeabi_                  - Undefined Weak Reference
    __cxa_finalize                            - Undefined Weak Reference
    __sigvec_lookup                           - Undefined Weak Reference
    _atexit_init                              - Undefined Weak Reference
    _call_atexit_fns                          - Undefined Weak Reference
    _clock_init                               - Undefined Weak Reference
    _fp_trap_init                             - Undefined Weak Reference
    _fp_trap_shutdown                         - Undefined Weak Reference
    _get_lc_collate                           - Undefined Weak Reference
    _get_lc_monetary                          - Undefined Weak Reference
    _get_lc_numeric                           - Undefined Weak Reference
    _get_lc_time                              - Undefined Weak Reference
    _getenv_init                              - Undefined Weak Reference
    _handle_redirection                       - Undefined Weak Reference
    _init_alloc                               - Undefined Weak Reference
    _init_user_alloc                          - Undefined Weak Reference
    _initio                                   - Undefined Weak Reference
    _printf_mbtowc                            - Undefined Weak Reference
    _printf_post_padding                      - Undefined Weak Reference
    _printf_pre_padding                       - Undefined Weak Reference
    _printf_truncate_signed                   - Undefined Weak Reference
    _printf_truncate_unsigned                 - Undefined Weak Reference
    _rand_init                                - Undefined Weak Reference
    _scanf_longlong                           - Undefined Weak Reference
    _scanf_mbtowc                             - Undefined Weak Reference
    _scanf_real                               - Undefined Weak Reference
    _scanf_string                             - Undefined Weak Reference
    _scanf_wctomb                             - Undefined Weak Reference
    _scanf_wstring                            - Undefined Weak Reference
    _signal_finish                            - Undefined Weak Reference
    _signal_init                              - Undefined Weak Reference
    _terminate_alloc                          - Undefined Weak Reference
    _terminate_user_alloc                     - Undefined Weak Reference
    _terminateio                              - Undefined Weak Reference
    __Vectors_End                            0x0000026c   Data           0  startup_tm4c123.o(RESET)
    __Vectors_Size                           0x0000026c   Number         0  startup_tm4c123.o ABSOLUTE
    __main                                   0x0000026d   Thumb Code     8  __main.o(!!!main)
    __scatterload                            0x00000275   Thumb Code     0  __scatter.o(!!!scatter)
    __scatterload_rt2                        0x00000275   Thumb Code    44  __scatter.o(!!!scatter)
    __scatterload_rt2_thumb_only             0x00000275   Thumb Code     0  __scatter.o(!!!scatter)
    __scatterload_null                       0x00000283   Thumb Code     0  __scatter.o(!!!scatter)
    __scatterload_copy                       0x000002a9   Thumb Code    26  __scatter_copy.o(!!handler_copy)
    __scatterload_zeroinit                   0x000002c5   Thumb Code    28  __scatter_zi.o(!!handler_zi)
    _printf_d                                0x000002e1   Thumb Code     0  _printf_d.o(.ARM.Collect$$_printf_percent$$00000009)
    _printf_percent                          0x000002e1   Thumb Code     0  _printf_percent.o(.ARM.Collect$$_printf_percent$$00000000)
    _printf_c                                0x000002e7   Thumb Code     0  _printf_c.o(.ARM.Collect$$_printf_percent$$00000013)
    _printf_s                                0x000002ed   Thumb Code     0  _printf_s.o(.ARM.Collect$$_printf_percent$$00000014)
    _printf_percent_end                      0x000002f3   Thumb Code     0  _printf_percent_end.o(.ARM.Collect$$_printf_percent$$00000017)
    __rt_lib_init                            0x000002f7   Thumb Code     0  libinit.o(.ARM.Collect$$libinit$$00000000)
    __rt_lib_init_fp_1                       0x000002f9   Thumb Code     0  libinit2.o(.ARM.Collect$$libinit$$00000002)
    __rt_lib_init_heap_1                     0x000002f9   Thumb Code     0  libinit2.o(.ARM.Collect$$libinit$$0000000A)
    __rt_lib_init_lc_common                  0x000002f9   Thumb Code     0  libinit2.o(.ARM.Collect$$libinit$$0000000F)
    __rt_lib_init_preinit_1                  0x000002f9   Thumb Code     0  libinit2.o(.ARM.Collect$$libinit$$00000004)
    __rt_lib_init_rand_1                     0x000002f9   Thumb Code     0  libinit2.o(.ARM.Collect$$libinit$$0000000E)
    __rt_lib_init_user_alloc_1               0x000002f9   Thumb Code     0  libinit2.o(.ARM.Collect$$libinit$$0000000C)
    __rt_lib_init_lc_collate_1               0x000002ff   Thumb Code     0  libinit2.o(.ARM.Collect$$libinit$$00000011)
    __rt_lib_init_lc_ctype_2                 0x000002ff   Thumb Code     0  libinit2.o(.ARM.Collect$$libinit$$00000012)
    __rt_lib_init_alloca_1                   0x0000030b   Thumb Code     0  libinit2.o(.ARM.Collect$$libinit$$0000002E)
    __rt_lib_init_argv_1                     0x0000030b   Thumb Code     0  libinit2.o(.ARM.Collect$$libinit$$0000002C)
    __rt_lib_init_atexit_1                   0x0000030b   Thumb Code     0  libinit2.o(.ARM.Collect$$libinit$$0000001B)
    __rt_lib_init_clock_1                    0x0000030b   Thumb Code     0  libinit2.o(.ARM.Collect$$libinit$$00000021)
    __rt_lib_init_cpp_1                      0x0000030b   Thumb Code     0  libinit2.o(.ARM.Collect$$libinit$$00000032)
    __rt_lib_init_exceptions_1               0x0000030b   Thumb Code     0  libinit2.o(.ARM.Collect$$libinit$$00000030)
    __rt_lib_init_fp_trap_1                  0x0000030b   Thumb Code     0  libinit2.o(.ARM.Collect$$libinit$$0000001F)
    __rt_lib_init_getenv_1                   0x0000030b   Thumb Code     0  libinit2.o(.ARM.Collect$$libinit$$00000023)
    __rt_lib_init_lc_ctype_1                 0x0000030b   Thumb Code     0  libinit2.o(.ARM.Collect$$libinit$$00000013)
    __rt_lib_init_lc_monetary_1              0x0000030b   Thumb Code     0  libinit2.o(.ARM.Collect$$libinit$$00000015)
    __rt_lib_init_lc_numeric_1               0x0000030b   Thumb Code     0  libinit2.o(.ARM.Collect$$libinit$$00000017)
    __rt_lib_init_lc_time_1                  0x0000030b   Thumb Code     0  libinit2.o(.ARM.Collect$$libinit$$00000019)
    __rt_lib_init_return                     0x0000030b   Thumb Code     0  libinit2.o(.ARM.Collect$$libinit$$00000033)
    __rt_lib_init_signal_1                   0x0000030b   Thumb Code     0  libinit2.o(.ARM.Collect$$libinit$$0000001D)
    __rt_lib_init_stdio_1                    0x0000030b   Thumb Code     0  libinit2.o(.ARM.Collect$$libinit$$00000025)
    __rt_lib_shutdown                        0x0000030d   Thumb Code     0  libshutdown.o(.ARM.Collect$$libshutdown$$00000000)
    __rt_lib_shutdown_cpp_1                  0x0000030f   Thumb Code     0  libshutdown2.o(.ARM.Collect$$libshutdown$$00000002)
    __rt_lib_shutdown_fp_trap_1              0x0000030f   Thumb Code     0  libshutdown2.o(.ARM.Collect$$libshutdown$$00000007)
    __rt_lib_shutdown_heap_1                 0x0000030f   Thumb Code     0  libshutdown2.o(.ARM.Collect$$libshutdown$$0000000F)
    __rt_lib_shutdown_return                 0x0000030f   Thumb Code     0  libshutdown2.o(.ARM.Collect$$libshutdown$$00000010)
    __rt_lib_shutdown_signal_1               0x0000030f   Thumb Code     0  libshutdown2.o(.ARM.Collect$$libshutdown$$0000000A)
    __rt_lib_shutdown_stdio_1                0x0000030f   Thumb Code     0  libshutdown2.o(.ARM.Collect$$libshutdown$$00000004)
    __rt_lib_shutdown_user_alloc_1           0x0000030f   Thumb Code     0  libshutdown2.o(.ARM.Collect$$libshutdown$$0000000C)
    __rt_entry                               0x00000311   Thumb Code     0  __rtentry.o(.ARM.Collect$$rtentry$$00000000)
    __rt_entry_presh_1                       0x00000311   Thumb Code     0  __rtentry2.o(.ARM.Collect$$rtentry$$00000002)
    __rt_entry_sh                            0x00000311   Thumb Code     0  __rtentry4.o(.ARM.Collect$$rtentry$$00000004)
    __rt_entry_li                            0x00000317   Thumb Code     0  __rtentry2.o(.ARM.Collect$$rtentry$$0000000A)
    __rt_entry_postsh_1                      0x00000317   Thumb Code     0  __rtentry2.o(.ARM.Collect$$rtentry$$00000009)
    __rt_entry_main                          0x0000031b   Thumb Code     0  __rtentry2.o(.ARM.Collect$$rtentry$$0000000D)
    __rt_entry_postli_1                      0x0000031b   Thumb Code     0  __rtentry2.o(.ARM.Collect$$rtentry$$0000000C)
    __rt_exit                                0x00000323   Thumb Code     0  rtexit.o(.ARM.Collect$$rtexit$$00000000)
    __rt_exit_ls                             0x00000325   Thumb Code     0  rtexit2.o(.ARM.Collect$$rtexit$$00000003)
    __rt_exit_prels_1                        0x00000325   Thumb Code     0  rtexit2.o(.ARM.Collect$$rtexit$$00000002)
    __rt_exit_exit                           0x00000329   Thumb Code     0  rtexit2.o(.ARM.Collect$$rtexit$$00000004)
    Init_LCD_Ports                           0x00000331   Thumb Code     0  lcd.o(.text)
    Display_Msg                              0x0000036d   Thumb Code     0  lcd.o(.text)
    Display_Char                             0x00000387   Thumb Code     0  lcd.o(.text)
    Set_Position                             0x000003a5   Thumb Code     0  lcd.o(.text)
    Init_LCD                                 0x0000042d   Thumb Code     0  lcd.o(.text)
    Set_Blink_ON                             0x000004f5   Thumb Code     0  lcd.o(.text)
    Set_Blink_OFF                            0x00000517   Thumb Code     0  lcd.o(.text)
    Delay1ms                                 0x00000539   Thumb Code     0  lcd.o(.text)
    OS_DisableInterrupts                     0x0000057d   Thumb Code     0  osasm_v2.o(.text)
    OS_EnableInterrupts                      0x00000581   Thumb Code     0  osasm_v2.o(.text)
    SysTick_Handler                          0x00000585   Thumb Code     0  osasm_v2.o(.text)
    StartOS                                  0x000005ab   Thumb Code     0  osasm_v2.o(.text)
    Read_Key                                 0x000005d1   Thumb Code     0  keypad.o(.text)
    Init_Keypad                              0x000005e1   Thumb Code     0  keypad.o(.text)
    Scan_Keypad                              0x0000060b   Thumb Code     0  keypad.o(.text)
    Reset_Handler                            0x0000081d   Thumb Code     8  startup_tm4c123.o(.text)
    NMI_Handler                              0x00000825   Thumb Code     2  startup_tm4c123.o(.text)
    HardFault_Handler                        0x00000827   Thumb Code     2  startup_tm4c123.o(.text)
    MemManage_Handler                        0x00000829   Thumb Code     2  startup_tm4c123.o(.text)
    BusFault_Handler                         0x0000082b   Thumb Code     2  startup_tm4c123.o(.text)
    UsageFault_Handler                       0x0000082d   Thumb Code     2  startup_tm4c123.o(.text)
    SVC_Handler                              0x0000082f   Thumb Code     2  startup_tm4c123.o(.text)
    DebugMon_Handler                         0x00000831   Thumb Code     2  startup_tm4c123.o(.text)
    PendSV_Handler                           0x00000833   Thumb Code     2  startup_tm4c123.o(.text)
    GPIOA_Handler                            0x00000837   Thumb Code     2  startup_tm4c123.o(.text)
    GPIOB_Handler                            0x00000839   Thumb Code     2  startup_tm4c123.o(.text)
    GPIOC_Handler                            0x0000083b   Thumb Code     2  startup_tm4c123.o(.text)
    GPIOD_Handler                            0x0000083d   Thumb Code     2  startup_tm4c123.o(.text)
    GPIOE_Handler                            0x0000083f   Thumb Code     2  startup_tm4c123.o(.text)
    UART0_Handler                            0x00000841   Thumb Code     2  startup_tm4c123.o(.text)
    UART1_Handler                            0x00000843   Thumb Code     2  startup_tm4c123.o(.text)
    SSI0_Handler                             0x00000845   Thumb Code     2  startup_tm4c123.o(.text)
    I2C0_Handler                             0x00000847   Thumb Code     2  startup_tm4c123.o(.text)
    PMW0_FAULT_Handler                       0x00000849   Thumb Code     2  startup_tm4c123.o(.text)
    PWM0_0_Handler                           0x0000084b   Thumb Code     2  startup_tm4c123.o(.text)
    PWM0_1_Handler                           0x0000084d   Thumb Code     2  startup_tm4c123.o(.text)
    PWM0_2_Handler                           0x0000084f   Thumb Code     2  startup_tm4c123.o(.text)
    QEI0_Handler                             0x00000851   Thumb Code     2  startup_tm4c123.o(.text)
    ADC0SS0_Handler                          0x00000853   Thumb Code     2  startup_tm4c123.o(.text)
    ADC0SS1_Handler                          0x00000855   Thumb Code     2  startup_tm4c123.o(.text)
    ADC0SS2_Handler                          0x00000857   Thumb Code     2  startup_tm4c123.o(.text)
    ADC0SS3_Handler                          0x00000859   Thumb Code     2  startup_tm4c123.o(.text)
    WDT0_Handler                             0x0000085b   Thumb Code     2  startup_tm4c123.o(.text)
    TIMER0B_Handler                          0x0000085d   Thumb Code     2  startup_tm4c123.o(.text)
    TIMER1A_Handler                          0x0000085f   Thumb Code     2  startup_tm4c123.o(.text)
    TIMER1B_Handler                          0x00000861   Thumb Code     2  startup_tm4c123.o(.text)
    TIMER2A_Handler                          0x00000863   Thumb Code     2  startup_tm4c123.o(.text)
    TIMER2B_Handler                          0x00000865   Thumb Code     2  startup_tm4c123.o(.text)
    COMP0_Handler                            0x00000867   Thumb Code     2  startup_tm4c123.o(.text)
    COMP1_Handler                            0x00000869   Thumb Code     2  startup_tm4c123.o(.text)
    COMP2_Handler                            0x0000086b   Thumb Code     2  startup_tm4c123.o(.text)
    SYSCTL_Handler                           0x0000086d   Thumb Code     2  startup_tm4c123.o(.text)
    FLASH_Handler                            0x0000086f   Thumb Code     2  startup_tm4c123.o(.text)
    GPIOF_Handler                            0x00000871   Thumb Code     2  startup_tm4c123.o(.text)
    GPIOG_Handler                            0x00000873   Thumb Code     2  startup_tm4c123.o(.text)
    GPIOH_Handler                            0x00000875   Thumb Code     2  startup_tm4c123.o(.text)
    UART2_Handler                            0x00000877   Thumb Code     2  startup_tm4c123.o(.text)
    SSI1_Handler                             0x00000879   Thumb Code     2  startup_tm4c123.o(.text)
    TIMER3A_Handler                          0x0000087b   Thumb Code     2  startup_tm4c123.o(.text)
    TIMER3B_Handler                          0x0000087d   Thumb Code     2  startup_tm4c123.o(.text)
    I2C1_Handler                             0x0000087f   Thumb Code     2  startup_tm4c123.o(.text)
    QEI1_Handler                             0x00000881   Thumb Code     2  startup_tm4c123.o(.text)
    CAN0_Handler                             0x00000883   Thumb Code     2  startup_tm4c123.o(.text)
    CAN1_Handler                             0x00000885   Thumb Code     2  startup_tm4c123.o(.text)
    CAN2_Handler                             0x00000887   Thumb Code     2  startup_tm4c123.o(.text)
    HIB_Handler                              0x00000889   Thumb Code     2  startup_tm4c123.o(.text)
    USB0_Handler                             0x0000088b   Thumb Code     2  startup_tm4c123.o(.text)
    PWM0_3_Handler                           0x0000088d   Thumb Code     2  startup_tm4c123.o(.text)
    UDMA_Handler                             0x0000088f   Thumb Code     2  startup_tm4c123.o(.text)
    UDMAERR_Handler                          0x00000891   Thumb Code     2  startup_tm4c123.o(.text)
    ADC1SS0_Handler                          0x00000893   Thumb Code     2  startup_tm4c123.o(.text)
    ADC1SS1_Handler                          0x00000895   Thumb Code     2  startup_tm4c123.o(.text)
    ADC1SS2_Handler                          0x00000897   Thumb Code     2  startup_tm4c123.o(.text)
    ADC1SS3_Handler                          0x00000899   Thumb Code     2  startup_tm4c123.o(.text)
    GPIOJ_Handler                            0x0000089b   Thumb Code     2  startup_tm4c123.o(.text)
    GPIOK_Handler                            0x0000089d   Thumb Code     2  startup_tm4c123.o(.text)
    GPIOL_Handler                            0x0000089f   Thumb Code     2  startup_tm4c123.o(.text)
    SSI2_Handler                             0x000008a1   Thumb Code     2  startup_tm4c123.o(.text)
    SSI3_Handler                             0x000008a3   Thumb Code     2  startup_tm4c123.o(.text)
    UART3_Handler                            0x000008a5   Thumb Code     2  startup_tm4c123.o(.text)
    UART4_Handler                            0x000008a7   Thumb Code     2  startup_tm4c123.o(.text)
    UART5_Handler                            0x000008a9   Thumb Code     2  startup_tm4c123.o(.text)
    UART6_Handler                            0x000008ab   Thumb Code     2  startup_tm4c123.o(.text)
    UART7_Handler                            0x000008ad   Thumb Code     2  startup_tm4c123.o(.text)
    I2C2_Handler                             0x000008af   Thumb Code     2  startup_tm4c123.o(.text)
    I2C3_Handler                             0x000008b1   Thumb Code     2  startup_tm4c123.o(.text)
    TIMER4A_Handler                          0x000008b3   Thumb Code     2  startup_tm4c123.o(.text)
    TIMER4B_Handler                          0x000008b5   Thumb Code     2  startup_tm4c123.o(.text)
    TIMER5A_Handler                          0x000008b7   Thumb Code     2  startup_tm4c123.o(.text)
    TIMER5B_Handler                          0x000008b9   Thumb Code     2  startup_tm4c123.o(.text)
    WTIMER0A_Handler                         0x000008bb   Thumb Code     2  startup_tm4c123.o(.text)
    WTIMER0B_Handler                         0x000008bd   Thumb Code     2  startup_tm4c123.o(.text)
    WTIMER1A_Handler                         0x000008bf   Thumb Code     2  startup_tm4c123.o(.text)
    WTIMER1B_Handler                         0x000008c1   Thumb Code     2  startup_tm4c123.o(.text)
    WTIMER2A_Handler                         0x000008c3   Thumb Code     2  startup_tm4c123.o(.text)
    WTIMER2B_Handler                         0x000008c5   Thumb Code     2  startup_tm4c123.o(.text)
    WTIMER3A_Handler                         0x000008c7   Thumb Code     2  startup_tm4c123.o(.text)
    WTIMER3B_Handler                         0x000008c9   Thumb Code     2  startup_tm4c123.o(.text)
    WTIMER4A_Handler                         0x000008cb   Thumb Code     2  startup_tm4c123.o(.text)
    WTIMER4B_Handler                         0x000008cd   Thumb Code     2  startup_tm4c123.o(.text)
    WTIMER5A_Handler                         0x000008cf   Thumb Code     2  startup_tm4c123.o(.text)
    WTIMER5B_Handler                         0x000008d1   Thumb Code     2  startup_tm4c123.o(.text)
    FPU_Handler                              0x000008d3   Thumb Code     2  startup_tm4c123.o(.text)
    I2C4_Handler                             0x000008d5   Thumb Code     2  startup_tm4c123.o(.text)
    I2C5_Handler                             0x000008d7   Thumb Code     2  startup_tm4c123.o(.text)
    GPIOM_Handler                            0x000008d9   Thumb Code     2  startup_tm4c123.o(.text)
    GPION_Handler                            0x000008db   Thumb Code     2  startup_tm4c123.o(.text)
    QEI2_Handler                             0x000008dd   Thumb Code     2  startup_tm4c123.o(.text)
    GPIOP0_Handler                           0x000008df   Thumb Code     2  startup_tm4c123.o(.text)
    GPIOP1_Handler                           0x000008e1   Thumb Code     2  startup_tm4c123.o(.text)
    GPIOP2_Handler                           0x000008e3   Thumb Code     2  startup_tm4c123.o(.text)
    GPIOP3_Handler                           0x000008e5   Thumb Code     2  startup_tm4c123.o(.text)
    GPIOP4_Handler                           0x000008e7   Thumb Code     2  startup_tm4c123.o(.text)
    GPIOP5_Handler                           0x000008e9   Thumb Code     2  startup_tm4c123.o(.text)
    GPIOP6_Handler                           0x000008eb   Thumb Code     2  startup_tm4c123.o(.text)
    GPIOP7_Handler                           0x000008ed   Thumb Code     2  startup_tm4c123.o(.text)
    GPIOQ0_Handler                           0x000008ef   Thumb Code     2  startup_tm4c123.o(.text)
    GPIOQ1_Handler                           0x000008f1   Thumb Code     2  startup_tm4c123.o(.text)
    GPIOQ2_Handler                           0x000008f3   Thumb Code     2  startup_tm4c123.o(.text)
    GPIOQ3_Handler                           0x000008f5   Thumb Code     2  startup_tm4c123.o(.text)
    GPIOQ4_Handler                           0x000008f7   Thumb Code     2  startup_tm4c123.o(.text)
    GPIOQ5_Handler                           0x000008f9   Thumb Code     2  startup_tm4c123.o(.text)
    GPIOQ6_Handler                           0x000008fb   Thumb Code     2  startup_tm4c123.o(.text)
    GPIOQ7_Handler                           0x000008fd   Thumb Code     2  startup_tm4c123.o(.text)
    GPIOR_Handler                            0x000008ff   Thumb Code     2  startup_tm4c123.o(.text)
    GPIOS_Handler                            0x00000901   Thumb Code     2  startup_tm4c123.o(.text)
    PMW1_0_Handler                           0x00000903   Thumb Code     2  startup_tm4c123.o(.text)
    PWM1_1_Handler                           0x00000905   Thumb Code     2  startup_tm4c123.o(.text)
    PWM1_2_Handler                           0x00000907   Thumb Code     2  startup_tm4c123.o(.text)
    PWM1_3_Handler                           0x00000909   Thumb Code     2  startup_tm4c123.o(.text)
    PWM1_FAULT_Handler                       0x0000090b   Thumb Code     2  startup_tm4c123.o(.text)
    DisableInterrupts                        0x00000915   Thumb Code     0  startup_tm4c123.o(.text)
    EnableInterrupts                         0x00000919   Thumb Code     0  startup_tm4c123.o(.text)
    StartCritical                            0x0000091d   Thumb Code     0  startup_tm4c123.o(.text)
    EndCritical                              0x00000925   Thumb Code     0  startup_tm4c123.o(.text)
    WaitForInterrupt                         0x0000092b   Thumb Code     0  startup_tm4c123.o(.text)
    __user_initial_stackheap                 0x0000092f   Thumb Code     0  startup_tm4c123.o(.text)
    __2sprintf                               0x00000945   Thumb Code    34  noretval__2sprintf.o(.text)
    _printf_str                              0x0000096d   Thumb Code    82  _printf_str.o(.text)
    _printf_int_dec                          0x000009c1   Thumb Code   104  _printf_dec.o(.text)
    __printf                                 0x00000a39   Thumb Code   184  __printf_ss.o(.text)
    __0sscanf                                0x00000af1   Thumb Code    52  __0sscanf.o(.text)
    _scanf_int                               0x00000b2d   Thumb Code   332  _scanf_int.o(.text)
    __use_two_region_memory                  0x00000c79   Thumb Code     2  heapauxi.o(.text)
    __rt_heap_escrow$2region                 0x00000c7b   Thumb Code     2  heapauxi.o(.text)
    __rt_heap_expand$2region                 0x00000c7d   Thumb Code     2  heapauxi.o(.text)
    _printf_int_common                       0x00000c7f   Thumb Code   178  _printf_intcommon.o(.text)
    _printf_char_common                      0x00000d3b   Thumb Code    32  _printf_char_common.o(.text)
    _sputc                                   0x00000d61   Thumb Code    10  _sputc.o(.text)
    _printf_cs_common                        0x00000d6b   Thumb Code    20  _printf_char.o(.text)
    _printf_char                             0x00000d7f   Thumb Code    16  _printf_char.o(.text)
    _printf_string                           0x00000d8f   Thumb Code     8  _printf_char.o(.text)
    _chval                                   0x00000d97   Thumb Code    28  _chval.o(.text)
    __vfscanf_char                           0x00000dc1   Thumb Code    24  scanf_char.o(.text)
    _sgetc                                   0x00000de1   Thumb Code    30  _sgetc.o(.text)
    _sbackspace                              0x00000dff   Thumb Code    34  _sgetc.o(.text)
    isspace                                  0x00000e21   Thumb Code    18  isspace.o(.text)
    __vfscanf                                0x00000e35   Thumb Code   878  _scanf.o(.text)
    __user_setup_stackheap                   0x000011a9   Thumb Code    74  sys_stackheap_outer.o(.text)
    __rt_ctype_table                         0x000011f5   Thumb Code    16  rt_ctype_table.o(.text)
    exit                                     0x00001205   Thumb Code    18  exit.o(.text)
    __user_libspace                          0x00001219   Thumb Code     8  libspace.o(.text)
    __user_perproc_libspace                  0x00001219   Thumb Code     0  libspace.o(.text)
    __user_perthread_libspace                0x00001219   Thumb Code     0  libspace.o(.text)
    __rt_locale                              0x00001221   Thumb Code     8  rt_locale_intlibspace.o(.text)
    strcmp                                   0x00001229   Thumb Code   128  strcmpv7m.o(.text)
    _sys_exit                                0x000012a9   Thumb Code     8  sys_exit.o(.text)
    __I$use$semihosting                      0x000012b5   Thumb Code     0  use_no_semi.o(.text)
    __use_no_semihosting_swi                 0x000012b5   Thumb Code     2  use_no_semi.o(.text)
    __semihosting_library_function           0x000012b7   Thumb Code     0  indicate_semi.o(.text)
    ADC_Init                                 0x000012b9   Thumb Code   124  adc.o(i.ADC_Init)
    Clock_Init                               0x00001359   Thumb Code    26  os_v2.o(i.Clock_Init)
    Current_speed                            0x0000137d   Thumb Code    26  voltage2rpm.o(i.Current_speed)
    OS_AddThreads                            0x00001399   Thumb Code   106  os_v2.o(i.OS_AddThreads)
    OS_FIFO_Get                              0x00001411   Thumb Code    42  os_v2.o(i.OS_FIFO_Get)
    OS_FIFO_Init                             0x00001449   Thumb Code    28  os_v2.o(i.OS_FIFO_Init)
    OS_FIFO_Put                              0x00001475   Thumb Code    68  os_v2.o(i.OS_FIFO_Put)
    OS_Init                                  0x000014c9   Thumb Code    38  os_v2.o(i.OS_Init)
    OS_InitSemaphore                         0x000014f5   Thumb Code     4  os_v2.o(i.OS_InitSemaphore)
    OS_Launch                                0x000014f9   Thumb Code    22  os_v2.o(i.OS_Launch)
    OS_Signal                                0x00001511   Thumb Code    46  os_v2.o(i.OS_Signal)
    OS_Sleep                                 0x00001545   Thumb Code    16  os_v2.o(i.OS_Sleep)
    OS_Suspend                               0x00001559   Thumb Code    10  os_v2.o(i.OS_Suspend)
    OS_Wait                                  0x00001569   Thumb Code    40  os_v2.o(i.OS_Wait)
    PWM1C_Duty                               0x00001595   Thumb Code     8  pwm.o(i.PWM1C_Duty)
    PWM_Init                                 0x000015a1   Thumb Code   188  pwm.o(i.PWM_Init)
    PortB_Init                               0x00001679   Thumb Code    52  os_v2.o(i.PortB_Init)
    RecvMail                                 0x000016b9   Thumb Code    14  os_v2.o(i.RecvMail)
    Scheduler                                0x000016d1   Thumb Code    84  os_v2.o(i.Scheduler)
    SendMail                                 0x00001729   Thumb Code    42  os_v2.o(i.SendMail)
    SetInitialStack                          0x00001761   Thumb Code   328  os_v2.o(i.SetInitialStack)
    SystemInit                               0x000018b1   Thumb Code     2  system_tm4c123.o(i.SystemInit)
    TIMER0A_Handler                          0x000018b5   Thumb Code    72  os_v2.o(i.TIMER0A_Handler)
    Task0                                    0x00001909   Thumb Code    66  user.o(i.Task0)
    Task1                                    0x00001959   Thumb Code   424  user.o(i.Task1)
    Task2                                    0x00001b3d   Thumb Code   218  user.o(i.Task2)
    Task3                                    0x00001c2d   Thumb Code    62  user.o(i.Task3)
    Timer0_Config                            0x00001c85   Thumb Code   124  os_v2.o(i.Timer0_Config)
    main                                     0x00001d11   Thumb Code    88  user.o(i.main)
    readADC                                  0x00001d89   Thumb Code    92  adc.o(i.readADC)
    _get_lc_ctype                            0x00001df9   Thumb Code    44  lc_ctype_c.o(locale$$code)
    Region$$Table$$Base                      0x00001e28   Number         0  anon$$obj.o(Region$$Table)
    Region$$Table$$Limit                     0x00001e48   Number         0  anon$$obj.o(Region$$Table)
    __ctype                                  0x00001e55   Data           0  lc_ctype_c.o(locale$$data)
    samples                                  0x20000000   Data           4  os_v2.o(.data)
    sampleSum                                0x20000004   Data           4  os_v2.o(.data)
    Mail                                     0x20000008   Data           4  os_v2.o(.data)
    Send                                     0x2000000c   Data           4  os_v2.o(.data)
    Lost_mailbox                             0x20000010   Data           4  os_v2.o(.data)
    RunPt                                    0x20000014   Data           4  os_v2.o(.data)
    PutI                                     0x20000018   Data           4  os_v2.o(.data)
    GetI                                     0x2000001c   Data           4  os_v2.o(.data)
    CurrentSize                              0x20000020   Data           4  os_v2.o(.data)
    LostData                                 0x20000024   Data           4  os_v2.o(.data)
    FIFO                                     0x20000028   Data           4  user.o(.data)
    count                                    0x2000002c   Data           4  user.o(.data)
    LCD                                      0x20000030   Data           4  user.o(.data)
    X                                        0x20000034   Data           4  user.o(.data)
    Xstar                                    0x20000038   Data           4  user.o(.data)
    voltage                                  0x2000003c   Data           4  user.o(.data)
    E                                        0x20000040   Data           4  user.o(.data)
    U                                        0x20000044   Data           4  user.o(.data)
    Key_ASCII                                0x20000048   Data           1  user.o(.data)
    key                                      0x20000049   Data           1  user.o(.data)
    period                                   0x2000004a   Data           2  user.o(.data)
    I                                        0x2000004c   Data           4  user.o(.data)
    P                                        0x20000050   Data           4  user.o(.data)
    tcbs                                     0x2000005c   Data          72  os_v2.o(.bss)
    Stacks                                   0x200000a4   Data        1200  os_v2.o(.bss)
    Fifo                                     0x20000554   Data          40  os_v2.o(.bss)
    __libspace_start                         0x2000057c   Data          96  libspace.o(.bss)
    __temporary_stack_top$libspace           0x200005dc   Data           0  libspace.o(.bss)
    GPIO_PORTA_DATA_R                        0x400043fc   Number         0  lcd.o ABSOLUTE
    SYSCTL_RCC_R                             0x400fe060   Number         0  lcd.o ABSOLUTE
    SYSCTL_RCGCGPIO_R                        0x400fe608   Number         0  lcd.o ABSOLUTE



==============================================================================

Memory Map of the image

  Image Entry point : 0x0000081d

  Load Region LR_1 (Base: 0x00000000, Size: 0x00001fb4, Max: 0xffffffff, ABSOLUTE)

    Execution Region ER_RO (Base: 0x00000000, Size: 0x00001f58, Max: 0xffffffff, ABSOLUTE)

    Base Addr    Size         Type   Attr      Idx    E Section Name        Object

    0x00000000   0x0000026c   Data   RO          340    RESET               startup_tm4c123.o
    0x0000026c   0x00000008   Code   RO          431  * !!!main             c_w.l(__main.o)
    0x00000274   0x00000034   Code   RO          621    !!!scatter          c_w.l(__scatter.o)
    0x000002a8   0x0000001a   Code   RO          623    !!handler_copy      c_w.l(__scatter_copy.o)
    0x000002c2   0x00000002   PAD
    0x000002c4   0x0000001c   Code   RO          625    !!handler_zi        c_w.l(__scatter_zi.o)
    0x000002e0   0x00000000   Code   RO          424    .ARM.Collect$$_printf_percent$$00000000  c_w.l(_printf_percent.o)
    0x000002e0   0x00000006   Code   RO          423    .ARM.Collect$$_printf_percent$$00000009  c_w.l(_printf_d.o)
    0x000002e6   0x00000006   Code   RO          421    .ARM.Collect$$_printf_percent$$00000013  c_w.l(_printf_c.o)
    0x000002ec   0x00000006   Code   RO          422    .ARM.Collect$$_printf_percent$$00000014  c_w.l(_printf_s.o)
    0x000002f2   0x00000004   Code   RO          442    .ARM.Collect$$_printf_percent$$00000017  c_w.l(_printf_percent_end.o)
    0x000002f6   0x00000002   Code   RO          481    .ARM.Collect$$libinit$$00000000  c_w.l(libinit.o)
    0x000002f8   0x00000000   Code   RO          496    .ARM.Collect$$libinit$$00000002  c_w.l(libinit2.o)
    0x000002f8   0x00000000   Code   RO          498    .ARM.Collect$$libinit$$00000004  c_w.l(libinit2.o)
    0x000002f8   0x00000000   Code   RO          501    .ARM.Collect$$libinit$$0000000A  c_w.l(libinit2.o)
    0x000002f8   0x00000000   Code   RO          503    .ARM.Collect$$libinit$$0000000C  c_w.l(libinit2.o)
    0x000002f8   0x00000000   Code   RO          505    .ARM.Collect$$libinit$$0000000E  c_w.l(libinit2.o)
    0x000002f8   0x00000006   Code   RO          506    .ARM.Collect$$libinit$$0000000F  c_w.l(libinit2.o)
    0x000002fe   0x00000000   Code   RO          508    .ARM.Collect$$libinit$$00000011  c_w.l(libinit2.o)
    0x000002fe   0x0000000c   Code   RO          509    .ARM.Collect$$libinit$$00000012  c_w.l(libinit2.o)
    0x0000030a   0x00000000   Code   RO          510    .ARM.Collect$$libinit$$00000013  c_w.l(libinit2.o)
    0x0000030a   0x00000000   Code   RO          512    .ARM.Collect$$libinit$$00000015  c_w.l(libinit2.o)
    0x0000030a   0x00000000   Code   RO          514    .ARM.Collect$$libinit$$00000017  c_w.l(libinit2.o)
    0x0000030a   0x00000000   Code   RO          516    .ARM.Collect$$libinit$$00000019  c_w.l(libinit2.o)
    0x0000030a   0x00000000   Code   RO          518    .ARM.Collect$$libinit$$0000001B  c_w.l(libinit2.o)
    0x0000030a   0x00000000   Code   RO          520    .ARM.Collect$$libinit$$0000001D  c_w.l(libinit2.o)
    0x0000030a   0x00000000   Code   RO          522    .ARM.Collect$$libinit$$0000001F  c_w.l(libinit2.o)
    0x0000030a   0x00000000   Code   RO          524    .ARM.Collect$$libinit$$00000021  c_w.l(libinit2.o)
    0x0000030a   0x00000000   Code   RO          526    .ARM.Collect$$libinit$$00000023  c_w.l(libinit2.o)
    0x0000030a   0x00000000   Code   RO          528    .ARM.Collect$$libinit$$00000025  c_w.l(libinit2.o)
    0x0000030a   0x00000000   Code   RO          532    .ARM.Collect$$libinit$$0000002C  c_w.l(libinit2.o)
    0x0000030a   0x00000000   Code   RO          534    .ARM.Collect$$libinit$$0000002E  c_w.l(libinit2.o)
    0x0000030a   0x00000000   Code   RO          536    .ARM.Collect$$libinit$$00000030  c_w.l(libinit2.o)
    0x0000030a   0x00000000   Code   RO          538    .ARM.Collect$$libinit$$00000032  c_w.l(libinit2.o)
    0x0000030a   0x00000002   Code   RO          539    .ARM.Collect$$libinit$$00000033  c_w.l(libinit2.o)
    0x0000030c   0x00000002   Code   RO          561    .ARM.Collect$$libshutdown$$00000000  c_w.l(libshutdown.o)
    0x0000030e   0x00000000   Code   RO          574    .ARM.Collect$$libshutdown$$00000002  c_w.l(libshutdown2.o)
    0x0000030e   0x00000000   Code   RO          576    .ARM.Collect$$libshutdown$$00000004  c_w.l(libshutdown2.o)
    0x0000030e   0x00000000   Code   RO          579    .ARM.Collect$$libshutdown$$00000007  c_w.l(libshutdown2.o)
    0x0000030e   0x00000000   Code   RO          582    .ARM.Collect$$libshutdown$$0000000A  c_w.l(libshutdown2.o)
    0x0000030e   0x00000000   Code   RO          584    .ARM.Collect$$libshutdown$$0000000C  c_w.l(libshutdown2.o)
    0x0000030e   0x00000000   Code   RO          587    .ARM.Collect$$libshutdown$$0000000F  c_w.l(libshutdown2.o)
    0x0000030e   0x00000002   Code   RO          588    .ARM.Collect$$libshutdown$$00000010  c_w.l(libshutdown2.o)
    0x00000310   0x00000000   Code   RO          433    .ARM.Collect$$rtentry$$00000000  c_w.l(__rtentry.o)
    0x00000310   0x00000000   Code   RO          450    .ARM.Collect$$rtentry$$00000002  c_w.l(__rtentry2.o)
    0x00000310   0x00000006   Code   RO          462    .ARM.Collect$$rtentry$$00000004  c_w.l(__rtentry4.o)
    0x00000316   0x00000000   Code   RO          452    .ARM.Collect$$rtentry$$00000009  c_w.l(__rtentry2.o)
    0x00000316   0x00000004   Code   RO          453    .ARM.Collect$$rtentry$$0000000A  c_w.l(__rtentry2.o)
    0x0000031a   0x00000000   Code   RO          455    .ARM.Collect$$rtentry$$0000000C  c_w.l(__rtentry2.o)
    0x0000031a   0x00000008   Code   RO          456    .ARM.Collect$$rtentry$$0000000D  c_w.l(__rtentry2.o)
    0x00000322   0x00000002   Code   RO          485    .ARM.Collect$$rtexit$$00000000  c_w.l(rtexit.o)
    0x00000324   0x00000000   Code   RO          541    .ARM.Collect$$rtexit$$00000002  c_w.l(rtexit2.o)
    0x00000324   0x00000004   Code   RO          542    .ARM.Collect$$rtexit$$00000003  c_w.l(rtexit2.o)
    0x00000328   0x00000006   Code   RO          543    .ARM.Collect$$rtexit$$00000004  c_w.l(rtexit2.o)
    0x0000032e   0x00000002   PAD
    0x00000330   0x0000024c   Code   RO          262    .text               lcd.o
    0x0000057c   0x00000054   Code   RO          265    .text               osasm_v2.o
    0x000005d0   0x0000024c   Code   RO          269    .text               keypad.o
    0x0000081c   0x00000128   Code   RO          341  * .text               startup_tm4c123.o
    0x00000944   0x00000028   Code   RO          393    .text               c_w.l(noretval__2sprintf.o)
    0x0000096c   0x00000052   Code   RO          397    .text               c_w.l(_printf_str.o)
    0x000009be   0x00000002   PAD
    0x000009c0   0x00000078   Code   RO          399    .text               c_w.l(_printf_dec.o)
    0x00000a38   0x000000b8   Code   RO          404    .text               c_w.l(__printf_ss.o)
    0x00000af0   0x0000003c   Code   RO          425    .text               c_w.l(__0sscanf.o)
    0x00000b2c   0x0000014c   Code   RO          427    .text               c_w.l(_scanf_int.o)
    0x00000c78   0x00000006   Code   RO          429    .text               c_w.l(heapauxi.o)
    0x00000c7e   0x000000b2   Code   RO          434    .text               c_w.l(_printf_intcommon.o)
    0x00000d30   0x00000030   Code   RO          436    .text               c_w.l(_printf_char_common.o)
    0x00000d60   0x0000000a   Code   RO          438    .text               c_w.l(_sputc.o)
    0x00000d6a   0x0000002c   Code   RO          440    .text               c_w.l(_printf_char.o)
    0x00000d96   0x0000001c   Code   RO          443    .text               c_w.l(_chval.o)
    0x00000db2   0x00000002   PAD
    0x00000db4   0x0000002c   Code   RO          445    .text               c_w.l(scanf_char.o)
    0x00000de0   0x00000040   Code   RO          447    .text               c_w.l(_sgetc.o)
    0x00000e20   0x00000012   Code   RO          464    .text               c_w.l(isspace.o)
    0x00000e32   0x00000002   PAD
    0x00000e34   0x00000374   Code   RO          468    .text               c_w.l(_scanf.o)
    0x000011a8   0x0000004a   Code   RO          470    .text               c_w.l(sys_stackheap_outer.o)
    0x000011f2   0x00000002   PAD
    0x000011f4   0x00000010   Code   RO          472    .text               c_w.l(rt_ctype_table.o)
    0x00001204   0x00000012   Code   RO          474    .text               c_w.l(exit.o)
    0x00001216   0x00000002   PAD
    0x00001218   0x00000008   Code   RO          482    .text               c_w.l(libspace.o)
    0x00001220   0x00000008   Code   RO          490    .text               c_w.l(rt_locale_intlibspace.o)
    0x00001228   0x00000080   Code   RO          547    .text               c_w.l(strcmpv7m.o)
    0x000012a8   0x0000000c   Code   RO          553    .text               c_w.l(sys_exit.o)
    0x000012b4   0x00000002   Code   RO          564    .text               c_w.l(use_no_semi.o)
    0x000012b6   0x00000000   Code   RO          566    .text               c_w.l(indicate_semi.o)
    0x000012b6   0x00000002   PAD
    0x000012b8   0x000000a0   Code   RO          275    i.ADC_Init          adc.o
    0x00001358   0x00000024   Code   RO            4    i.Clock_Init        os_v2.o
    0x0000137c   0x0000001a   Code   RO          231    i.Current_speed     voltage2rpm.o
    0x00001396   0x00000002   PAD
    0x00001398   0x00000078   Code   RO            5    i.OS_AddThreads     os_v2.o
    0x00001410   0x00000038   Code   RO            6    i.OS_FIFO_Get       os_v2.o
    0x00001448   0x0000002c   Code   RO            7    i.OS_FIFO_Init      os_v2.o
    0x00001474   0x00000054   Code   RO            8    i.OS_FIFO_Put       os_v2.o
    0x000014c8   0x0000002c   Code   RO            9    i.OS_Init           os_v2.o
    0x000014f4   0x00000004   Code   RO           10    i.OS_InitSemaphore  os_v2.o
    0x000014f8   0x00000016   Code   RO           11    i.OS_Launch         os_v2.o
    0x0000150e   0x00000002   PAD
    0x00001510   0x00000034   Code   RO           12    i.OS_Signal         os_v2.o
    0x00001544   0x00000014   Code   RO           13    i.OS_Sleep          os_v2.o
    0x00001558   0x00000010   Code   RO           14    i.OS_Suspend        os_v2.o
    0x00001568   0x0000002c   Code   RO           15    i.OS_Wait           os_v2.o
    0x00001594   0x0000000c   Code   RO          306    i.PWM1C_Duty        pwm.o
    0x000015a0   0x000000d8   Code   RO          307    i.PWM_Init          pwm.o
    0x00001678   0x00000040   Code   RO           16    i.PortB_Init        os_v2.o
    0x000016b8   0x00000018   Code   RO           17    i.RecvMail          os_v2.o
    0x000016d0   0x00000058   Code   RO           18    i.Scheduler         os_v2.o
    0x00001728   0x00000038   Code   RO           19    i.SendMail          os_v2.o
    0x00001760   0x00000150   Code   RO           20    i.SetInitialStack   os_v2.o
    0x000018b0   0x00000002   Code   RO          349    i.SystemInit        system_tm4c123.o
    0x000018b2   0x00000002   PAD
    0x000018b4   0x00000054   Code   RO           21    i.TIMER0A_Handler   os_v2.o
    0x00001908   0x00000050   Code   RO          172    i.Task0             user.o
    0x00001958   0x000001e4   Code   RO          173    i.Task1             user.o
    0x00001b3c   0x000000f0   Code   RO          174    i.Task2             user.o
    0x00001c2c   0x00000058   Code   RO          175    i.Task3             user.o
    0x00001c84   0x0000008c   Code   RO           22    i.Timer0_Config     os_v2.o
    0x00001d10   0x00000078   Code   RO          176    i.main              user.o
    0x00001d88   0x00000070   Code   RO          276    i.readADC           adc.o
    0x00001df8   0x0000002c   Code   RO          493    locale$$code        c_w.l(lc_ctype_c.o)
    0x00001e24   0x00000004   Data   RO          177    .constdata          user.o
    0x00001e28   0x00000020   Data   RO          619    Region$$Table       anon$$obj.o
    0x00001e48   0x00000110   Data   RO          492    locale$$data        c_w.l(lc_ctype_c.o)


    Execution Region ER_RW (Base: 0x20000000, Size: 0x0000005c, Max: 0xffffffff, ABSOLUTE)

    Base Addr    Size         Type   Attr      Idx    E Section Name        Object

    0x20000000   0x00000028   Data   RW           24    .data               os_v2.o
    0x20000028   0x0000002c   Data   RW          178    .data               user.o
    0x20000054   0x00000008   Data   RW          268    RAMData             keypad.o


    Execution Region ER_ZI (Base: 0x2000005c, Size: 0x00000784, Max: 0xffffffff, ABSOLUTE)

    Base Addr    Size         Type   Attr      Idx    E Section Name        Object

    0x2000005c   0x00000520   Zero   RW           23    .bss                os_v2.o
    0x2000057c   0x00000060   Zero   RW          483    .bss                c_w.l(libspace.o)
    0x200005dc   0x00000004   PAD
    0x200005e0   0x00000000   Zero   RW          339    HEAP                startup_tm4c123.o
    0x200005e0   0x00000200   Zero   RW          338    STACK               startup_tm4c123.o


==============================================================================

Image component sizes


      Code (inc. data)   RO Data    RW Data    ZI Data      Debug   Object Name

       272         56          0          0          0        901   adc.o
       588         44          0          8          0        480   keypad.o
       588         42          0          0          0        412   lcd.o
      1334        172          0         40       1312      15207   os_v2.o
        84          6          0          0          0        276   osasm_v2.o
       228         32          0          0          0        960   pwm.o
       296         20        620          0        512       5396   startup_tm4c123.o
         2          0          0          0          0        461   system_tm4c123.o
      1012        154          4         44          0       3517   user.o
        26          0          0          0          0        528   voltage2rpm.o

    ----------------------------------------------------------------------
      4436        526        656         92       1824      28138   Object Totals
         0          0         32          0          0          0   (incl. Generated)
         6          0          0          0          0          0   (incl. Padding)

    ----------------------------------------------------------------------

      Code (inc. data)   RO Data    RW Data    ZI Data      Debug   Library Member Name

        60          8          0          0          0         84   __0sscanf.o
         8          0          0          0          0         68   __main.o
       184          0          0          0          0         84   __printf_ss.o
         0          0          0          0          0          0   __rtentry.o
        12          0          0          0          0          0   __rtentry2.o
         6          0          0          0          0          0   __rtentry4.o
        52          8          0          0          0          0   __scatter.o
        26          0          0          0          0          0   __scatter_copy.o
        28          0          0          0          0          0   __scatter_zi.o
        28          0          0          0          0         68   _chval.o
         6          0          0          0          0          0   _printf_c.o
        44          0          0          0          0        108   _printf_char.o
        48          6          0          0          0         96   _printf_char_common.o
         6          0          0          0          0          0   _printf_d.o
       120         16          0          0          0         92   _printf_dec.o
       178          0          0          0          0         88   _printf_intcommon.o
         0          0          0          0          0          0   _printf_percent.o
         4          0          0          0          0          0   _printf_percent_end.o
         6          0          0          0          0          0   _printf_s.o
        82          0          0          0          0         80   _printf_str.o
       884          6          0          0          0        100   _scanf.o
       332          0          0          0          0         96   _scanf_int.o
        64          0          0          0          0         84   _sgetc.o
        10          0          0          0          0         68   _sputc.o
        18          0          0          0          0         80   exit.o
         6          0          0          0          0        152   heapauxi.o
         0          0          0          0          0          0   indicate_semi.o
        18          0          0          0          0         76   isspace.o
        44         10        272          0          0         76   lc_ctype_c.o
         2          0          0          0          0          0   libinit.o
        20          0          0          0          0          0   libinit2.o
         2          0          0          0          0          0   libshutdown.o
         2          0          0          0          0          0   libshutdown2.o
         8          4          0          0         96         68   libspace.o
        40          6          0          0          0         84   noretval__2sprintf.o
        16          4          0          0          0         76   rt_ctype_table.o
         8          4          0          0          0         68   rt_locale_intlibspace.o
         2          0          0          0          0          0   rtexit.o
        10          0          0          0          0          0   rtexit2.o
        44          8          0          0          0         84   scanf_char.o
       128          0          0          0          0         68   strcmpv7m.o
        12          4          0          0          0         68   sys_exit.o
        74          0          0          0          0         80   sys_stackheap_outer.o
         2          0          0          0          0         68   use_no_semi.o

    ----------------------------------------------------------------------
      2660         84        272          0        100       2164   Library Totals
        16          0          0          0          4          0   (incl. Padding)

    ----------------------------------------------------------------------

      Code (inc. data)   RO Data    RW Data    ZI Data      Debug   Library Name

      2644         84        272          0         96       2164   c_w.l

    ----------------------------------------------------------------------
      2660         84        272          0        100       2164   Library Totals

    ----------------------------------------------------------------------

==============================================================================


      Code (inc. data)   RO Data    RW Data    ZI Data      Debug   

      7096        610        928         92       1924      27802   Grand Totals
      7096        610        928         92       1924      27802   ELF Image Totals
      7096        610        928         92          0          0   ROM Totals

==============================================================================

    Total RO  Size (Code + RO Data)                 8024 (   7.84kB)
    Total RW  Size (RW Data + ZI Data)              2016 (   1.97kB)
    Total ROM Size (Code + RO Data + RW Data)       8116 (   7.93kB)

==============================================================================

